<html>
<body>
<pre>
<h1>µVision Build Log</h1>
<h2>Tool Versions:</h2>
IDE-Version: ¦ÌVision V5.26.2.0
Copyright (C) 2018 ARM Ltd and ARM Germany GmbH. All rights reserved.
License Information: dafa nationz, nationz, LIC=UJWP0-BZESV-DYJV3-AX7X3-I3FTI-7UM5H
 
Tool Versions:
Toolchain:       MDK-ARM Plus  Version: 5.26.2.0
Toolchain Path:  D:\MDK526\azlj\ARM\ARMCC\Bin
C Compiler:      Armcc.exe V5.06 update 6 (build 750)
Assembler:       Armasm.exe V5.06 update 6 (build 750)
Linker/Locator:  ArmLink.exe V5.06 update 6 (build 750)
Library Manager: ArmAr.exe V5.06 update 6 (build 750)
Hex Converter:   FromElf.exe V5.06 update 6 (build 750)
CPU DLL:         SARMCM3.DLL V5.26.2.0
Dialog DLL:      DCM.DLL V1.17.2.0
Target DLL:      CMSIS_AGDI.dll V1.30.6.0
Dialog DLL:      TCM.DLL V1.36.1.0
 
<h2>Project:</h2>
D:\NS3602_Back\2.DevelopmentKit\4.DesignKit\SDK\Nationstech.N32L40x_Library.1.0.1\projects\n32l40x_EVAL\examples\RTC\RtcBKP\MDK-ARM\RtcBKP.uvprojx
Project File Date:  07/08/2021

<h2>Output:</h2>
*** Using Compiler 'V5.06 update 6 (build 750)', folder: 'D:\MDK526\azlj\ARM\ARMCC\Bin'
Build target 'N32L40x'
compiling User_RTCBKP_Config.c...
linking...
Program Size: Code=3564 RO-data=452 RW-data=132 ZI-data=5460  
FromELF: creating hex file...
After Build - User command #1: fromelf --bin --output=.\bin\Alarm.bin .\Objects\Alarm.axf
".\Objects\Alarm.axf" - 0 Error(s), 0 Warning(s).

<h2>Software Packages used:</h2>

Package Vendor: Nationstech
                http://www.keil.com/pack/Nationstech.N32L40x_DFP.0.1.0.pack
                Nationstech.N32L40x_DFP.0.1.0
                Nationstech N32L40x Series Device Support, Drivers and Examples

<h2>Collection of Component include folders:</h2>
  .\RTE\_N32L40x
  D:\MDK526\azlj\ARM\PACK\Nationstech\N32L40x_DFP\0.1.0\firmware\CMSIS\device

<h2>Collection of Component Files used:</h2>
Build Time Elapsed:  00:00:04
</pre>
</body>
</html>
