###############################################################################
#
# IAR ELF Linker V7.70.2.11706/W32 for ARM                08/Jul/2021  15:17:31
# Copyright 2007-2016 IAR Systems AB.
#
#    Output file  =  
#        D:\NS3602_Back\2.DevelopmentKit\4.DesignKit\SDK\Nationstech.N32L40x_Library.1.0.1\projects\n32l40x_EVAL\examples\RTC\RtcBKP\EWARM\Debug\Exe\template_project.out
#    Map file     =  
#        D:\NS3602_Back\2.DevelopmentKit\4.DesignKit\SDK\Nationstech.N32L40x_Library.1.0.1\projects\n32l40x_EVAL\examples\RTC\RtcBKP\EWARM\Debug\List\template_project.map
#    Command line =  
#        D:\NS3602_Back\2.DevelopmentKit\4.DesignKit\SDK\Nationstech.N32L40x_Library.1.0.1\projects\n32l40x_EVAL\examples\RTC\RtcBKP\EWARM\Debug\Obj\log.o
#        D:\NS3602_Back\2.DevelopmentKit\4.DesignKit\SDK\Nationstech.N32L40x_Library.1.0.1\projects\n32l40x_EVAL\examples\RTC\RtcBKP\EWARM\Debug\Obj\main.o
#        D:\NS3602_Back\2.DevelopmentKit\4.DesignKit\SDK\Nationstech.N32L40x_Library.1.0.1\projects\n32l40x_EVAL\examples\RTC\RtcBKP\EWARM\Debug\Obj\misc.o
#        D:\NS3602_Back\2.DevelopmentKit\4.DesignKit\SDK\Nationstech.N32L40x_Library.1.0.1\projects\n32l40x_EVAL\examples\RTC\RtcBKP\EWARM\Debug\Obj\n32l40x_exti.o
#        D:\NS3602_Back\2.DevelopmentKit\4.DesignKit\SDK\Nationstech.N32L40x_Library.1.0.1\projects\n32l40x_EVAL\examples\RTC\RtcBKP\EWARM\Debug\Obj\n32l40x_flash.o
#        D:\NS3602_Back\2.DevelopmentKit\4.DesignKit\SDK\Nationstech.N32L40x_Library.1.0.1\projects\n32l40x_EVAL\examples\RTC\RtcBKP\EWARM\Debug\Obj\n32l40x_gpio.o
#        D:\NS3602_Back\2.DevelopmentKit\4.DesignKit\SDK\Nationstech.N32L40x_Library.1.0.1\projects\n32l40x_EVAL\examples\RTC\RtcBKP\EWARM\Debug\Obj\n32l40x_it.o
#        D:\NS3602_Back\2.DevelopmentKit\4.DesignKit\SDK\Nationstech.N32L40x_Library.1.0.1\projects\n32l40x_EVAL\examples\RTC\RtcBKP\EWARM\Debug\Obj\n32l40x_pwr.o
#        D:\NS3602_Back\2.DevelopmentKit\4.DesignKit\SDK\Nationstech.N32L40x_Library.1.0.1\projects\n32l40x_EVAL\examples\RTC\RtcBKP\EWARM\Debug\Obj\n32l40x_rcc.o
#        D:\NS3602_Back\2.DevelopmentKit\4.DesignKit\SDK\Nationstech.N32L40x_Library.1.0.1\projects\n32l40x_EVAL\examples\RTC\RtcBKP\EWARM\Debug\Obj\n32l40x_rtc.o
#        D:\NS3602_Back\2.DevelopmentKit\4.DesignKit\SDK\Nationstech.N32L40x_Library.1.0.1\projects\n32l40x_EVAL\examples\RTC\RtcBKP\EWARM\Debug\Obj\n32l40x_usart.o
#        D:\NS3602_Back\2.DevelopmentKit\4.DesignKit\SDK\Nationstech.N32L40x_Library.1.0.1\projects\n32l40x_EVAL\examples\RTC\RtcBKP\EWARM\Debug\Obj\startup_n32l40x_EWARM.o
#        D:\NS3602_Back\2.DevelopmentKit\4.DesignKit\SDK\Nationstech.N32L40x_Library.1.0.1\projects\n32l40x_EVAL\examples\RTC\RtcBKP\EWARM\Debug\Obj\system_n32l40x.o
#        D:\NS3602_Back\2.DevelopmentKit\4.DesignKit\SDK\Nationstech.N32L40x_Library.1.0.1\projects\n32l40x_EVAL\examples\RTC\RtcBKP\EWARM\Debug\Obj\User_RTCBKP_Config.o
#        --redirect _Printf=_PrintfFull --redirect _Scanf=_ScanfFull -o
#        D:\NS3602_Back\2.DevelopmentKit\4.DesignKit\SDK\Nationstech.N32L40x_Library.1.0.1\projects\n32l40x_EVAL\examples\RTC\RtcBKP\EWARM\Debug\Exe\template_project.out
#        --map
#        D:\NS3602_Back\2.DevelopmentKit\4.DesignKit\SDK\Nationstech.N32L40x_Library.1.0.1\projects\n32l40x_EVAL\examples\RTC\RtcBKP\EWARM\Debug\List\template_project.map
#        --config D:\IAR\azlj\arm\config\linker\Nations\N32L40x\N32L406xB.icf
#        --semihosting --entry __iar_program_start --vfe
#
###############################################################################

*******************************************************************************
*** RUNTIME MODEL ATTRIBUTES
***

CppFlavor                     = *
__Heap_Handler                = Basic
__SystemLibrary               = DLib
__dlib_dynamic_initialization = normal


*******************************************************************************
*** PLACEMENT SUMMARY
***

"A0":  place at 0x08000000 { ro section .intvec };
"P1":  place in [from 0x00000000 to 0x00000000] |
                [from 0x08000000 to 0x0801ffff] { ro };
"P3":  place in [from 0x00000000 to 0x00000000] |
                [from 0x20000000 to 0x20005fff] {
          rw, block CSTACK, block PROC_STACK, block HEAP };
initialize by copy { rw };

  Section             Kind        Address    Size  Object
  -------             ----        -------    ----  ------
"A0":                                       0x148
  .intvec             ro code  0x08000000   0x148  startup_n32l40x_EWARM.o [1]
                             - 0x08000148   0x148

"P1":                                      0x2ab6
  .text               ro code  0x08000148  0x118a  xprintffull.o [3]
  .text               ro code  0x080012d2    0x20  xmbtowc.o [3]
  .text               ro code  0x080012f4    0x16  strchr.o [5]
  .text               ro code  0x0800130c    0x36  strlen.o [5]
  .text               ro code  0x08001344    0x58  memchr.o [5]
  .text               ro code  0x0800139c     0xa  xmbcurmax.o [3]
  .text               ro code  0x080013a8    0xb0  xxmemxmalloc.o [3]
  .text               ro code  0x08001458    0x1a  xwctomb.o [3]
  .text               ro code  0x08001474    0x76  ABImemcpy_unaligned.o [5]
  .text               ro code  0x080014ec    0x80  xxmemxfree.o [3]
  .text               ro code  0x0800156c    0xee  I64DivMod.o [5]
  .text               ro code  0x0800165a    0x44  xdnorm.o [4]
  .text               ro code  0x080016a0    0x2e  DblCmpLe.o [4]
  .text               ro code  0x080016d0    0x2e  DblCmpGe.o [4]
  .text               ro code  0x08001700   0x114  xdscale.o [4]
  .text               ro code  0x08001814    0x58  DblToI32.o [4]
  .text               ro code  0x0800186c    0x30  I32ToDbl.o [4]
  .text               ro code  0x0800189c   0x180  DblSub.o [4]
  .text               ro code  0x08001a1c   0x1a2  DblMul.o [4]
  .text               ro code  0x08001bc0   0x256  DblDiv.o [4]
  .text               ro code  0x08001e18    0x6c  localeconv.o [3]
  .text               ro code  0x08001e84     0xe  div.o [3]
  .text               ro code  0x08001e94    0x14  setlocale.o [3]
  .text               ro code  0x08001ea8    0x60  xencoding_sb.o [3]
  .text               ro code  0x08001f08    0x2c  xgetmemchunk.o [3]
  .text               ro code  0x08001f34     0x2  I64DivZer.o [5]
  .text               ro code  0x08001f38    0xd4  DblAdd.o [4]
  .text               ro code  0x0800200c     0x2  xtls.o [3]
  .text               ro code  0x08002010   0x21c  n32l40x_rcc.o [1]
  .text               ro code  0x0800222c   0x1a0  system_n32l40x.o [1]
  .text               ro code  0x080023cc   0x15c  n32l40x_gpio.o [1]
  .text               ro code  0x08002528    0xce  packbits_init.o [5]
  .text               ro code  0x080025f6     0x6  abort.o [3]
  .text               ro code  0x080025fc    0x14  exit.o [6]
  .text               ro code  0x08002610    0xca  n32l40x_usart.o [1]
  .text               ro code  0x080026dc    0xc4  log.o [1]
  .text               ro code  0x080027a0    0x84  main.o [1]
  .text               ro code  0x08002824    0x78  User_RTCBKP_Config.o [1]
  .text               ro code  0x0800289c    0x24  printf.o [3]
  .text               ro code  0x080028c0     0xc  n32l40x_pwr.o [1]
  .text               ro code  0x080028cc    0x48  n32l40x_rtc.o [1]
  .text               ro code  0x08002914    0x40  zero_init3.o [5]
  .text               ro code  0x08002954    0x28  data_init.o [5]
  .text               ro code  0x0800297c    0x22  fpinit_M.o [4]
  .iar.init_table     const    0x080029a0    0x2c  - Linker created -
  .text               ro code  0x080029cc    0x1a  cmain.o [5]
  .text               ro code  0x080029e6     0x4  low_level_init.o [3]
  .text               ro code  0x080029ea     0x4  exit.o [3]
  .text               ro code  0x080029f0     0xa  cexit.o [5]
  .text               ro code  0x080029fa    0x16  xprout.o [3]
  .text               ro code  0x08002a10     0xc  putchar.o [3]
  .text               ro code  0x08002a1c    0x10  n32l40x_it.o [1]
  .text               ro code  0x08002a2c    0x10  startup_n32l40x_EWARM.o [1]
  .text               ro code  0x08002a3c     0xc  cstartup_M.o [5]
  .text               ro code  0x08002a48     0x4  startup_n32l40x_EWARM.o [1]
  .text               ro code  0x08002a4c     0x4  startup_n32l40x_EWARM.o [1]
  .text               ro code  0x08002a50     0x4  startup_n32l40x_EWARM.o [1]
  .text               ro code  0x08002a54     0x4  startup_n32l40x_EWARM.o [1]
  .text               ro code  0x08002a58     0x4  startup_n32l40x_EWARM.o [1]
  .text               ro code  0x08002a5c     0x4  startup_n32l40x_EWARM.o [1]
  .text               ro code  0x08002a60     0x4  startup_n32l40x_EWARM.o [1]
  .text               ro code  0x08002a64     0x4  startup_n32l40x_EWARM.o [1]
  .text               ro code  0x08002a68     0x4  startup_n32l40x_EWARM.o [1]
  .text               ro code  0x08002a6c     0x4  startup_n32l40x_EWARM.o [1]
  .text               ro code  0x08002a70     0x4  startup_n32l40x_EWARM.o [1]
  .text               ro code  0x08002a74     0x4  startup_n32l40x_EWARM.o [1]
  .text               ro code  0x08002a78     0x4  startup_n32l40x_EWARM.o [1]
  .text               ro code  0x08002a7c     0x4  startup_n32l40x_EWARM.o [1]
  .text               ro code  0x08002a80     0x4  startup_n32l40x_EWARM.o [1]
  .text               ro code  0x08002a84     0x4  startup_n32l40x_EWARM.o [1]
  .text               ro code  0x08002a88     0x4  startup_n32l40x_EWARM.o [1]
  .text               ro code  0x08002a8c     0x4  startup_n32l40x_EWARM.o [1]
  .text               ro code  0x08002a90     0x4  startup_n32l40x_EWARM.o [1]
  .text               ro code  0x08002a94     0x4  startup_n32l40x_EWARM.o [1]
  .text               ro code  0x08002a98     0x4  startup_n32l40x_EWARM.o [1]
  .text               ro code  0x08002a9c     0x4  startup_n32l40x_EWARM.o [1]
  .text               ro code  0x08002aa0     0x4  startup_n32l40x_EWARM.o [1]
  .text               ro code  0x08002aa4     0x4  startup_n32l40x_EWARM.o [1]
  .text               ro code  0x08002aa8     0x4  startup_n32l40x_EWARM.o [1]
  .text               ro code  0x08002aac     0x4  startup_n32l40x_EWARM.o [1]
  .text               ro code  0x08002ab0     0x4  startup_n32l40x_EWARM.o [1]
  .text               ro code  0x08002ab4     0x4  startup_n32l40x_EWARM.o [1]
  .text               ro code  0x08002ab8     0x4  startup_n32l40x_EWARM.o [1]
  .text               ro code  0x08002abc     0x4  startup_n32l40x_EWARM.o [1]
  .text               ro code  0x08002ac0     0x4  startup_n32l40x_EWARM.o [1]
  .text               ro code  0x08002ac4     0x4  startup_n32l40x_EWARM.o [1]
  .text               ro code  0x08002ac8     0x4  startup_n32l40x_EWARM.o [1]
  .text               ro code  0x08002acc     0x4  startup_n32l40x_EWARM.o [1]
  .text               ro code  0x08002ad0     0x4  startup_n32l40x_EWARM.o [1]
  .text               ro code  0x08002ad4     0x4  startup_n32l40x_EWARM.o [1]
  .text               ro code  0x08002ad8     0x4  startup_n32l40x_EWARM.o [1]
  .text               ro code  0x08002adc     0x4  startup_n32l40x_EWARM.o [1]
  .text               ro code  0x08002ae0     0x4  startup_n32l40x_EWARM.o [1]
  .text               ro code  0x08002ae4     0x4  startup_n32l40x_EWARM.o [1]
  .text               ro code  0x08002ae8     0x4  startup_n32l40x_EWARM.o [1]
  .text               ro code  0x08002aec     0x4  startup_n32l40x_EWARM.o [1]
  .text               ro code  0x08002af0     0x4  startup_n32l40x_EWARM.o [1]
  .text               ro code  0x08002af4     0x4  startup_n32l40x_EWARM.o [1]
  .text               ro code  0x08002af8     0x4  startup_n32l40x_EWARM.o [1]
  .text               ro code  0x08002afc     0x4  startup_n32l40x_EWARM.o [1]
  .text               ro code  0x08002b00     0x4  startup_n32l40x_EWARM.o [1]
  .text               ro code  0x08002b04     0x4  startup_n32l40x_EWARM.o [1]
  .text               ro code  0x08002b08     0x4  startup_n32l40x_EWARM.o [1]
  .text               ro code  0x08002b0c     0x4  startup_n32l40x_EWARM.o [1]
  .text               ro code  0x08002b10     0x4  startup_n32l40x_EWARM.o [1]
  .text               ro code  0x08002b14     0x4  startup_n32l40x_EWARM.o [1]
  .text               ro code  0x08002b18     0x4  startup_n32l40x_EWARM.o [1]
  .text               ro code  0x08002b1c     0x4  startup_n32l40x_EWARM.o [1]
  .text               ro code  0x08002b20     0x4  startup_n32l40x_EWARM.o [1]
  .text               ro code  0x08002b24     0x4  startup_n32l40x_EWARM.o [1]
  .text               ro code  0x08002b28     0x4  startup_n32l40x_EWARM.o [1]
  .text               ro code  0x08002b2c     0x4  startup_n32l40x_EWARM.o [1]
  .text               ro code  0x08002b30     0x4  startup_n32l40x_EWARM.o [1]
  .text               ro code  0x08002b34     0x4  startup_n32l40x_EWARM.o [1]
  .text               ro code  0x08002b38     0x4  startup_n32l40x_EWARM.o [1]
  .text               ro code  0x08002b3c     0x4  startup_n32l40x_EWARM.o [1]
  .text               ro code  0x08002b40     0x4  startup_n32l40x_EWARM.o [1]
  .text               ro code  0x08002b44     0x4  startup_n32l40x_EWARM.o [1]
  .text               ro code  0x08002b48     0x4  startup_n32l40x_EWARM.o [1]
  .text               ro code  0x08002b4c     0x4  startup_n32l40x_EWARM.o [1]
  .text               ro code  0x08002b50     0x4  startup_n32l40x_EWARM.o [1]
  .rodata             const    0x08002b54     0x0  zero_init3.o [5]
  .rodata             const    0x08002b54     0x0  packbits_init.o [5]
  Initializer bytes   const    0x08002b54    0xaa  <for P3 s0>
                             - 0x08002bfe  0x2ab6

"P3", part 1 of 3:                          0x1b8
  P3 s0                        0x20000000   0x1b8  <Init block>
    __DLIB_PERTHREAD  inited   0x20000000    0x88  localeconv.o [3]
    __DLIB_PERTHREAD  inited   0x20000088    0x74  setlocale.o [3]
    .data             inited   0x200000fc    0x50  User_RTCBKP_Config.o [1]
    .data             inited   0x2000014c    0x40  xfiles.o [3]
    .data             inited   0x2000018c    0x28  User_RTCBKP_Config.o [1]
    .data             inited   0x200001b4     0x4  system_n32l40x.o [1]
                             - 0x200001b8   0x1b8

"P3", part 2 of 3:                           0xb0
  .bss                zero     0x200001b8    0x50  User_RTCBKP_Config.o [1]
  .bss                zero     0x20000208    0x50  xfiles.o [3]
  .bss                zero     0x20000258     0x8  xxmemxmalloc.o [3]
  .bss                zero     0x20000260     0x4  log.o [1]
  .bss                zero     0x20000264     0x4  xgetmemchunk.o [3]
                             - 0x20000268    0xb0

"P3", part 3 of 3:                         0x1700
  CSTACK                       0x20000268  0x1500  <Block>
    CSTACK            uninit   0x20000268  0x1500  <Block tail>
  HEAP                         0x20001768   0x200  <Block>
    HEAP              uninit   0x20001768   0x200  <Block tail>
                             - 0x20001968  0x1700


*******************************************************************************
*** INIT TABLE
***

          Address     Size
          -------     ----
Zero (__iar_zero_init3)
    1 destination range, total size 0xb0:
          0x200001b8   0xb0

Copy/packbits (__iar_packbits_init3)
    1 source range, total size 0xaa (38% of destination):
          0x08002b54   0xaa
    1 destination range, total size 0x1b8:
          0x20000000  0x1b8



*******************************************************************************
*** MODULE SUMMARY
***

    Module                   ro code  ro data  rw data
    ------                   -------  -------  -------
D:\NS3602_Back\2.DevelopmentKit\4.DesignKit\SDK\Nationstech.N32L40x_Library.1.0.1\projects\n32l40x_EVAL\examples\RTC\RtcBKP\EWARM\Debug\Obj: [1]
    User_RTCBKP_Config.o         120       46      200
    log.o                        196                 4
    main.o                       132
    n32l40x_gpio.o               348
    n32l40x_it.o                  16
    n32l40x_pwr.o                 12
    n32l40x_rcc.o                540
    n32l40x_rtc.o                 72
    n32l40x_usart.o              202
    startup_n32l40x_EWARM.o      612
    system_n32l40x.o             416        2        4
    --------------------------------------------------
    Total:                     2 666       48      208

command line: [2]
    --------------------------------------------------
    Total:

dl7M_tlf.a: [3]
    abort.o                        6
    div.o                         14
    exit.o                         4
    localeconv.o                 108       52      136
    low_level_init.o               4
    printf.o                      36
    putchar.o                     12
    setlocale.o                   20       45      116
    xencoding_sb.o                96
    xfiles.o                               25      144
    xgetmemchunk.o                44                 4
    xmbcurmax.o                   10
    xmbtowc.o                     32
    xprintffull.o              4 490
    xprout.o                      22
    xtls.o                         2
    xwctomb.o                     26
    xxmemxfree.o                 128
    xxmemxmalloc.o               176                 8
    --------------------------------------------------
    Total:                     5 230      122      408

m7M_tls.a: [4]
    DblAdd.o                     212
    DblCmpGe.o                    46
    DblCmpLe.o                    46
    DblDiv.o                     598
    DblMul.o                     418
    DblSub.o                     384
    DblToI32.o                    88
    I32ToDbl.o                    48
    fpinit_M.o                    34
    xdnorm.o                      68
    xdscale.o                    276
    --------------------------------------------------
    Total:                     2 218

rt7M_tl.a: [5]
    ABImemcpy_unaligned.o        118
    I64DivMod.o                  238
    I64DivZer.o                    2
    cexit.o                       10
    cmain.o                       26
    cstartup_M.o                  12
    data_init.o                   40
    memchr.o                      88
    packbits_init.o              206
    strchr.o                      22
    strlen.o                      54
    zero_init3.o                  64
    --------------------------------------------------
    Total:                       880

shb_l.a: [6]
    exit.o                        20
    --------------------------------------------------
    Total:                        20

    Gaps                          32        2
    Linker created                         44    5 888
------------------------------------------------------
    Grand Total:              11 046      216    6 504


*******************************************************************************
*** ENTRY LIST
***

Entry                      Address   Size  Type      Object
-----                      -------   ----  ----      ------
.iar.init_table$$Base   0x080029a0          --   Gb  - Linker created -
.iar.init_table$$Limit  0x080029cc          --   Gb  - Linker created -
?main                   0x080029cd         Code  Gb  cmain.o [5]
BKP_Datas               0x2000018c   0x28  Data  Gb  User_RTCBKP_Config.o [1]
BKP_ReadBkpData         0x08002881   0x18  Code  Gb  User_RTCBKP_Config.o [1]
BKP_WriteBkpData        0x08002869   0x18  Code  Gb  User_RTCBKP_Config.o [1]
BusFault_Handler        0x08002a23    0x2  Code  Gb  n32l40x_it.o [1]
CSTACK$$Base            0x20000268          --   Gb  - Linker created -
CSTACK$$Limit           0x20001768          --   Gb  - Linker created -
ConfigMRVoltage1V       0x080022bf   0x32  Code  Gb  system_n32l40x.o [1]
DebugMon_Handler        0x08002a29    0x2  Code  Gb  n32l40x_it.o [1]
GPIO_InitPeripheral     0x080023cd  0x13e  Code  Gb  n32l40x_gpio.o [1]
GPIO_InitStruct         0x0800250b   0x18  Code  Gb  n32l40x_gpio.o [1]
HEAP$$Base              0x20001768          --   Gb  - Linker created -
HEAP$$Limit             0x20001968          --   Gb  - Linker created -
HardFault_Handler       0x08002a1f    0x2  Code  Gb  n32l40x_it.o [1]
InStream_StepRegion     0x08002529   0x14  Code  Lc  packbits_init.o [5]
LoadInt                 0x080007af   0x6e  Code  Lc  xprintffull.o [3]
MemManage_Handler       0x08002a21    0x2  Code  Gb  n32l40x_it.o [1]
NMI_Handler             0x08002a1d    0x2  Code  Gb  n32l40x_it.o [1]
PWR_BackupAccessEnable  0x080028c1    0x6  Code  Gb  n32l40x_pwr.o [1]
RCC_ConfigLse           0x08002011   0x40  Code  Gb  n32l40x_rcc.o [1]
RCC_ConfigRtcClk        0x08002057   0x12  Code  Gb  n32l40x_rcc.o [1]
RCC_EnableAPB1PeriphClk
                        0x08002167   0x16  Code  Gb  n32l40x_rcc.o [1]
RCC_EnableAPB2PeriphClk
                        0x08002151   0x16  Code  Gb  n32l40x_rcc.o [1]
RCC_EnableLsi           0x08002051    0x6  Code  Gb  n32l40x_rcc.o [1]
RCC_EnableRtcClk        0x08002069    0x6  Code  Gb  n32l40x_rcc.o [1]
RCC_GetClocksFreqValue  0x0800206f   0xe2  Code  Gb  n32l40x_rcc.o [1]
RCC_GetFlagStatus       0x0800217d   0x24  Code  Gb  n32l40x_rcc.o [1]
RTC_WaitForSynchro      0x080028cd   0x42  Code  Gb  n32l40x_rtc.o [1]
Read_Backup_Datas       0x200001b8   0x50  Data  Gb  User_RTCBKP_Config.o [1]
Region$$Table$$Base     0x080029a0          --   Gb  - Linker created -
Region$$Table$$Limit    0x080029cc          --   Gb  - Linker created -
SVC_Handler             0x08002a27    0x2  Code  Gb  n32l40x_it.o [1]
SetSysClock             0x080022f1   0xa4  Code  Lc  system_n32l40x.o [1]
SysTick_Handler         0x08002a2b    0x2  Code  Gb  n32l40x_it.o [1]
SystemCoreClock         0x200001b4    0x4  Data  Gb  system_n32l40x.o [1]
SystemInit              0x0800222d   0x92  Code  Gb  system_n32l40x.o [1]
USART_Enable            0x080026ad   0x18  Code  Gb  n32l40x_usart.o [1]
USART_GetFlagStatus     0x080026cd    0xe  Code  Gb  n32l40x_usart.o [1]
USART_Init              0x08002611   0x8c  Code  Gb  n32l40x_usart.o [1]
USART_SendData          0x080026c5    0x8  Code  Gb  n32l40x_usart.o [1]
UsageFault_Handler      0x08002a25    0x2  Code  Gb  n32l40x_it.o [1]
User_RTCBKP_Init        0x08002825   0x44  Code  Gb  User_RTCBKP_Config.o [1]
Write_Backup_Datas      0x200000fc   0x50  Data  Gb  User_RTCBKP_Config.o [1]
_EncodingSb_Mbtowc      0x08001ec3   0x30  Code  Gb  xencoding_sb.o [3]
_EncodingSb_Mbtowc::initial
                        0x08001f00    0x8  Data  Lc  xencoding_sb.o [3]
_EncodingSb_Wctomb      0x08001ea9   0x1a  Code  Gb  xencoding_sb.o [3]
_EncodingSb_Wctomb::initial
                        0x08001ef8    0x8  Data  Lc  xencoding_sb.o [3]
_GenldFull              0x08001035  0x254  Code  Lc  xprintffull.o [3]
_IsdstStr               0x2000008c    0x4  Data  Gb  setlocale.o [3]
_LdtobFull              0x08000c35  0x3fa  Code  Lc  xprintffull.o [3]
_LitobFull              0x08000b29  0x10a  Code  Lc  xprintffull.o [3]
_LocaleEncoding         0x08001e95    0xe  Code  Gb  setlocale.o [3]
_LocaleReturnString     0x200000ac   0x50  Data  Lc  setlocale.o [3]
_Locale_Profile         0x20000090   0x1c  Data  Gb  setlocale.o [3]
_Locale_aeabi_lconv     0x20000050   0x38  Data  Gb  localeconv.o [3]
_Locale_lconv           0x20000000   0x50  Data  Gb  localeconv.o [3]
_Mbtowc                 0x080012d3   0x20  Code  Gb  xmbtowc.o [3]
_PrintfFull             0x08000149  0x650  Code  Gb  xprintffull.o [3]
_Prout                  0x080029fb   0x16  Code  Gb  xprout.o [3]
_PutcharsFull           0x08001289   0x2e  Code  Lc  xprintffull.o [3]
_PutstrFull             0x0800081d  0x306  Code  Lc  xprintffull.o [3]
_TzoneStr               0x20000088    0x4  Data  Gb  setlocale.o [3]
_Wctomb                 0x08001459   0x1a  Code  Gb  xwctomb.o [3]
__aeabi_cdcmple         0x080016a1         Code  Gb  DblCmpLe.o [4]
__aeabi_cdrcmple        0x080016d1         Code  Gb  DblCmpGe.o [4]
__aeabi_d2iz            0x08001815         Code  Gb  DblToI32.o [4]
__aeabi_d2uiz           0x08001841         Code  Gb  DblToI32.o [4]
__aeabi_ddiv            0x08001bc1         Code  Gb  DblDiv.o [4]
__aeabi_dmul            0x08001a1d         Code  Gb  DblMul.o [4]
__aeabi_dsub            0x0800189d         Code  Gb  DblSub.o [4]
__aeabi_i2d             0x0800186d         Code  Gb  I32ToDbl.o [4]
__aeabi_ldiv0           0x08001f35         Code  Gb  I64DivZer.o [5]
__aeabi_ui2d            0x08001881         Code  Gb  I32ToDbl.o [4]
__aeabi_uldivmod        0x0800156d         Code  Gb  I64DivMod.o [5]
__cmain                 0x080029cd         Code  Gb  cmain.o [5]
__data_Aldata           0x20000258    0x8  Data  Gb  xxmemxmalloc.o [3]
__data_GetMemChunk      0x08001f09   0x2c  Code  Gb  xgetmemchunk.o [3]
__data_GetMemChunk::start
                        0x20000264    0x4  Data  Lc  xgetmemchunk.o [3]
__exit                  0x080025fd   0x14  Code  Gb  exit.o [6]
__iar_Dnorm             0x0800165b   0x44  Code  Gb  xdnorm.o [4]
__iar_Dscale            0x08001701  0x114  Code  Gb  xdscale.o [4]
__iar_Locale_lconv_init
                        0x08001e19   0x3a  Code  Gb  localeconv.o [3]
__iar_Mbcurmax          0x0800139d    0xa  Code  Gb  xmbcurmax.o [3]
__iar_Memchr            0x08001345         Code  Gb  memchr.o [5]
__iar_Stdout            0x2000014c   0x40  Data  Gb  xfiles.o [3]
__iar_Strchr            0x080012f5         Code  Gb  strchr.o [5]
__iar_d2uiz             0x0800184d         Code  Gb  DblToI32.o [4]
__iar_dadd              0x08001f39         Code  Gb  DblAdd.o [4]
__iar_data_init3        0x08002955   0x28  Code  Gb  data_init.o [5]
__iar_dlib_perthread_access
                        0x0800200d    0x2  Code  Gb  xtls.o [3]
__iar_dsub              0x080018b1         Code  Gb  DblSub.o [4]
__iar_dsubStart         0x080018c3         Code  Gb  DblSub.o [4]
__iar_init_vfp          0x0800297d         Code  Gb  fpinit_M.o [4]
__iar_packbits_init3    0x0800253d   0xba  Code  Gb  packbits_init.o [5]
__iar_program_start     0x08002a3d         Code  Gb  cstartup_M.o [5]
__iar_ui2d              0x08001885         Code  Gb  I32ToDbl.o [4]
__iar_unaligned___aeabi_memcpy
                        0x08001475         Code  Gb  ABImemcpy_unaligned.o [5]
__iar_unaligned___aeabi_memcpy4
                        0x08001495         Code  Gb  ABImemcpy_unaligned.o [5]
__iar_unaligned___aeabi_memcpy8
                        0x08001495         Code  Gb  ABImemcpy_unaligned.o [5]
__iar_zero_init3        0x08002915   0x40  Code  Gb  zero_init3.o [5]
__low_level_init        0x080029e7    0x4  Code  Gb  low_level_init.o [3]
__vector_table          0x08000000         Data  Gb  startup_n32l40x_EWARM.o [1]
_call_main              0x080029d9         Code  Gb  cmain.o [5]
_exit                   0x080029f1         Code  Gb  cexit.o [5]
_main                   0x080029e3         Code  Gb  cmain.o [5]
abort                   0x080025f7    0x6  Code  Gb  abort.o [3]
div                     0x08001e85    0xe  Code  Gb  div.o [3]
exit                    0x080029eb    0x4  Code  Gb  exit.o [3]
fputc                   0x08002745   0x50  Code  Gb  log.o [1]
free                    0x080014ed   0x7a  Code  Gb  xxmemxfree.o [3]
is_lr_sent              0x20000260    0x4  Data  Lc  log.o [1]
localeconv              0x08001e53   0x16  Code  Gb  localeconv.o [3]
log_init                0x080026dd   0x68  Code  Gb  log.o [1]
main                    0x080027a1   0x54  Code  Gb  main.o [1]
malloc                  0x080013a9   0xac  Code  Gb  xxmemxmalloc.o [3]
memchr                  0x08001345         Code  Gb  memchr.o [5]
obuf                    0x20000208   0x50  Data  Lc  xfiles.o [3]
printf                  0x0800289d   0x24  Code  Gb  printf.o [3]
putchar                 0x08002a11    0xc  Code  Gb  putchar.o [3]
s_AdcHclkPresTable      0x080021e0   0x10  Data  Lc  n32l40x_rcc.o [1]
s_AdcPllClkPresTable    0x080021f0   0x20  Data  Lc  n32l40x_rcc.o [1]
s_ApbAhbPresTable       0x080021d0   0x10  Data  Lc  n32l40x_rcc.o [1]
s_msiClockTable         0x08002210   0x1c  Data  Lc  n32l40x_rcc.o [1]
strchr                  0x080012f5         Code  Gb  strchr.o [5]
strlen                  0x0800130d         Code  Gb  strlen.o [5]


[1] = D:\NS3602_Back\2.DevelopmentKit\4.DesignKit\SDK\Nationstech.N32L40x_Library.1.0.1\projects\n32l40x_EVAL\examples\RTC\RtcBKP\EWARM\Debug\Obj
[2] = command line
[3] = dl7M_tlf.a
[4] = m7M_tls.a
[5] = rt7M_tl.a
[6] = shb_l.a

  11 046 bytes of readonly  code memory
     216 bytes of readonly  data memory
   6 504 bytes of readwrite data memory

Errors: none
Warnings: none
