Component: ARM Compiler 5.06 update 6 (build 750) Tool: armlink [4d35ed]

==============================================================================

Section Cross References

    startup_n32l40x.o(RESET) refers to startup_n32l40x.o(STACK) for __initial_sp
    startup_n32l40x.o(RESET) refers to startup_n32l40x.o(.text) for Reset_Handler
    startup_n32l40x.o(RESET) refers to n32l40x_it.o(i.NMI_Handler) for NMI_Handler
    startup_n32l40x.o(RESET) refers to n32l40x_it.o(i.HardFault_Handler) for HardFault_Handler
    startup_n32l40x.o(RESET) refers to n32l40x_it.o(i.MemManage_Handler) for MemManage_Handler
    startup_n32l40x.o(RESET) refers to n32l40x_it.o(i.BusFault_Handler) for BusFault_Handler
    startup_n32l40x.o(RESET) refers to n32l40x_it.o(i.UsageFault_Handler) for UsageFault_Handler
    startup_n32l40x.o(RESET) refers to n32l40x_it.o(i.SVC_Handler) for SVC_Handler
    startup_n32l40x.o(RESET) refers to n32l40x_it.o(i.DebugMon_Handler) for DebugMon_Handler
    startup_n32l40x.o(RESET) refers to n32l40x_it.o(i.SysTick_Handler) for SysTick_Handler
    startup_n32l40x.o(.text) refers to system_n32l40x.o(i.SystemInit) for SystemInit
    startup_n32l40x.o(.text) refers to entry.o(.ARM.Collect$$$$00000000) for __main
    system_n32l40x.o(i.SetSysClock) refers to system_n32l40x.o(i.ConfigMRVoltage1V) for ConfigMRVoltage1V
    system_n32l40x.o(i.SetSysClock) refers to system_n32l40x.o(.data) for SystemCoreClock
    system_n32l40x.o(i.SystemCoreClockUpdate) refers to system_n32l40x.o(.constdata) for MSIClockTable
    system_n32l40x.o(i.SystemCoreClockUpdate) refers to system_n32l40x.o(.data) for SystemCoreClock
    system_n32l40x.o(i.SystemInit) refers to system_n32l40x.o(i.SetSysClock) for SetSysClock
    main.o(i.main) refers to user_rtcbkp_config.o(i.User_RTCBKP_Init) for User_RTCBKP_Init
    main.o(i.main) refers to log.o(i.log_init) for log_init
    main.o(i.main) refers to printf5.o(i.__0printf$5) for __2printf
    main.o(i.main) refers to user_rtcbkp_config.o(i.BKP_WriteBkpData) for BKP_WriteBkpData
    main.o(i.main) refers to user_rtcbkp_config.o(i.BKP_ReadBkpData) for BKP_ReadBkpData
    main.o(i.main) refers to user_rtcbkp_config.o(.data) for Write_Backup_Datas
    main.o(i.main) refers to user_rtcbkp_config.o(.bss) for Read_Backup_Datas
    user_rtcbkp_config.o(i.User_RTCBKP_Init) refers to n32l40x_rcc.o(i.RCC_EnableAPB1PeriphClk) for RCC_EnableAPB1PeriphClk
    user_rtcbkp_config.o(i.User_RTCBKP_Init) refers to n32l40x_pwr.o(i.PWR_BackupAccessEnable) for PWR_BackupAccessEnable
    user_rtcbkp_config.o(i.User_RTCBKP_Init) refers to n32l40x_rcc.o(i.RCC_EnableRtcClk) for RCC_EnableRtcClk
    user_rtcbkp_config.o(i.User_RTCBKP_Init) refers to n32l40x_rcc.o(i.RCC_EnableLsi) for RCC_EnableLsi
    user_rtcbkp_config.o(i.User_RTCBKP_Init) refers to n32l40x_rcc.o(i.RCC_ConfigLse) for RCC_ConfigLse
    user_rtcbkp_config.o(i.User_RTCBKP_Init) refers to n32l40x_rcc.o(i.RCC_GetFlagStatus) for RCC_GetFlagStatus
    user_rtcbkp_config.o(i.User_RTCBKP_Init) refers to n32l40x_rcc.o(i.RCC_ConfigRtcClk) for RCC_ConfigRtcClk
    user_rtcbkp_config.o(i.User_RTCBKP_Init) refers to n32l40x_rtc.o(i.RTC_WaitForSynchro) for RTC_WaitForSynchro
    log.o(i.fputc) refers to n32l40x_usart.o(i.USART_SendData) for USART_SendData
    log.o(i.fputc) refers to n32l40x_usart.o(i.USART_GetFlagStatus) for USART_GetFlagStatus
    log.o(i.fputc) refers to log.o(.data) for is_lr_sent
    log.o(i.log_init) refers to n32l40x_gpio.o(i.GPIO_InitStruct) for GPIO_InitStruct
    log.o(i.log_init) refers to n32l40x_rcc.o(i.RCC_EnableAPB2PeriphClk) for RCC_EnableAPB2PeriphClk
    log.o(i.log_init) refers to n32l40x_gpio.o(i.GPIO_InitPeripheral) for GPIO_InitPeripheral
    log.o(i.log_init) refers to n32l40x_usart.o(i.USART_Init) for USART_Init
    log.o(i.log_init) refers to n32l40x_usart.o(i.USART_Enable) for USART_Enable
    n32l40x_flash.o(i.FLASH_ConfigALLOptionByte) refers to n32l40x_flash.o(i.FLASH_GetReadOutProtectionL2STS) for FLASH_GetReadOutProtectionL2STS
    n32l40x_flash.o(i.FLASH_ConfigALLOptionByte) refers to n32l40x_flash.o(i.FLASH_ClearFlag) for FLASH_ClearFlag
    n32l40x_flash.o(i.FLASH_ConfigALLOptionByte) refers to n32l40x_flash.o(i.FLASH_WaitForLastOpt) for FLASH_WaitForLastOpt
    n32l40x_flash.o(i.FLASH_ConfigUserOB) refers to n32l40x_flash.o(i.FLASH_GetReadOutProtectionL2STS) for FLASH_GetReadOutProtectionL2STS
    n32l40x_flash.o(i.FLASH_ConfigUserOB) refers to n32l40x_flash.o(i.FLASH_GetReadOutProtectionSTS) for FLASH_GetReadOutProtectionSTS
    n32l40x_flash.o(i.FLASH_ConfigUserOB) refers to n32l40x_flash.o(i.FLASH_ClearFlag) for FLASH_ClearFlag
    n32l40x_flash.o(i.FLASH_ConfigUserOB) refers to n32l40x_flash.o(i.FLASH_WaitForLastOpt) for FLASH_WaitForLastOpt
    n32l40x_flash.o(i.FLASH_ConfigUserOB2) refers to n32l40x_flash.o(i.FLASH_GetReadOutProtectionL2STS) for FLASH_GetReadOutProtectionL2STS
    n32l40x_flash.o(i.FLASH_ConfigUserOB2) refers to n32l40x_flash.o(i.FLASH_GetReadOutProtectionSTS) for FLASH_GetReadOutProtectionSTS
    n32l40x_flash.o(i.FLASH_ConfigUserOB2) refers to n32l40x_flash.o(i.FLASH_ClearFlag) for FLASH_ClearFlag
    n32l40x_flash.o(i.FLASH_ConfigUserOB2) refers to n32l40x_flash.o(i.FLASH_WaitForLastOpt) for FLASH_WaitForLastOpt
    n32l40x_flash.o(i.FLASH_EnWriteProtection) refers to n32l40x_flash.o(i.FLASH_GetReadOutProtectionL2STS) for FLASH_GetReadOutProtectionL2STS
    n32l40x_flash.o(i.FLASH_EnWriteProtection) refers to n32l40x_flash.o(i.FLASH_ClearFlag) for FLASH_ClearFlag
    n32l40x_flash.o(i.FLASH_EnWriteProtection) refers to n32l40x_flash.o(i.FLASH_WaitForLastOpt) for FLASH_WaitForLastOpt
    n32l40x_flash.o(i.FLASH_EraseOB) refers to n32l40x_flash.o(i.FLASH_GetReadOutProtectionL2STS) for FLASH_GetReadOutProtectionL2STS
    n32l40x_flash.o(i.FLASH_EraseOB) refers to n32l40x_flash.o(i.FLASH_GetReadOutProtectionSTS) for FLASH_GetReadOutProtectionSTS
    n32l40x_flash.o(i.FLASH_EraseOB) refers to n32l40x_flash.o(i.FLASH_ClearFlag) for FLASH_ClearFlag
    n32l40x_flash.o(i.FLASH_EraseOB) refers to n32l40x_flash.o(i.FLASH_WaitForLastOpt) for FLASH_WaitForLastOpt
    n32l40x_flash.o(i.FLASH_EraseOnePage) refers to n32l40x_flash.o(i.FLASH_ClearFlag) for FLASH_ClearFlag
    n32l40x_flash.o(i.FLASH_EraseOnePage) refers to n32l40x_flash.o(i.FLASH_WaitForLastOpt) for FLASH_WaitForLastOpt
    n32l40x_flash.o(i.FLASH_MassErase) refers to n32l40x_flash.o(i.FLASH_ClearFlag) for FLASH_ClearFlag
    n32l40x_flash.o(i.FLASH_MassErase) refers to n32l40x_flash.o(i.FLASH_WaitForLastOpt) for FLASH_WaitForLastOpt
    n32l40x_flash.o(i.FLASH_ProgramOBData) refers to n32l40x_flash.o(i.FLASH_GetReadOutProtectionL2STS) for FLASH_GetReadOutProtectionL2STS
    n32l40x_flash.o(i.FLASH_ProgramOBData) refers to n32l40x_flash.o(i.FLASH_ClearFlag) for FLASH_ClearFlag
    n32l40x_flash.o(i.FLASH_ProgramOBData) refers to n32l40x_flash.o(i.FLASH_WaitForLastOpt) for FLASH_WaitForLastOpt
    n32l40x_flash.o(i.FLASH_ProgramWord) refers to n32l40x_flash.o(i.FLASH_ClearFlag) for FLASH_ClearFlag
    n32l40x_flash.o(i.FLASH_ProgramWord) refers to n32l40x_flash.o(i.FLASH_WaitForLastOpt) for FLASH_WaitForLastOpt
    n32l40x_flash.o(i.FLASH_ReadOutProtectionL1) refers to n32l40x_flash.o(i.FLASH_GetReadOutProtectionL2STS) for FLASH_GetReadOutProtectionL2STS
    n32l40x_flash.o(i.FLASH_ReadOutProtectionL1) refers to n32l40x_flash.o(i.FLASH_ClearFlag) for FLASH_ClearFlag
    n32l40x_flash.o(i.FLASH_ReadOutProtectionL1) refers to n32l40x_flash.o(i.FLASH_WaitForLastOpt) for FLASH_WaitForLastOpt
    n32l40x_flash.o(i.FLASH_ReadOutProtectionL2_ENABLE) refers to n32l40x_flash.o(i.FLASH_GetReadOutProtectionSTS) for FLASH_GetReadOutProtectionSTS
    n32l40x_flash.o(i.FLASH_ReadOutProtectionL2_ENABLE) refers to n32l40x_flash.o(i.FLASH_GetReadOutProtectionL2STS) for FLASH_GetReadOutProtectionL2STS
    n32l40x_flash.o(i.FLASH_ReadOutProtectionL2_ENABLE) refers to n32l40x_flash.o(i.FLASH_ClearFlag) for FLASH_ClearFlag
    n32l40x_flash.o(i.FLASH_ReadOutProtectionL2_ENABLE) refers to n32l40x_flash.o(i.FLASH_WaitForLastOpt) for FLASH_WaitForLastOpt
    n32l40x_flash.o(i.FLASH_WaitForLastOpt) refers to n32l40x_flash.o(i.FLASH_GetSTS) for FLASH_GetSTS
    n32l40x_gpio.o(i.GPIO_AFIOInitDefault) refers to n32l40x_rcc.o(i.RCC_EnableAPB2PeriphReset) for RCC_EnableAPB2PeriphReset
    n32l40x_gpio.o(i.GPIO_DeInit) refers to n32l40x_rcc.o(i.RCC_EnableAPB2PeriphReset) for RCC_EnableAPB2PeriphReset
    n32l40x_pwr.o(i.PWR_DeInit) refers to n32l40x_rcc.o(i.RCC_EnableAPB1PeriphReset) for RCC_EnableAPB1PeriphReset
    n32l40x_pwr.o(i.PWR_EnterLowPowerRunMode) refers to n32l40x_pwr.o(i.SetSysClock_MSI) for SetSysClock_MSI
    n32l40x_pwr.o(i.PWR_EnterLowPowerRunMode) refers to n32l40x_flash.o(i.FLASH_SetLatency) for FLASH_SetLatency
    n32l40x_pwr.o(i.PWR_EnterLowPowerSleepMode) refers to n32l40x_pwr.o(i.PWR_EnterLowPowerRunMode) for PWR_EnterLowPowerRunMode
    n32l40x_pwr.o(i.PWR_EnterLowPowerSleepMode) refers to n32l40x_pwr.o(i.PWR_EnterSLEEPMode) for PWR_EnterSLEEPMode
    n32l40x_pwr.o(i.PWR_ExitLowPowerRunMode) refers to n32l40x_flash.o(i.FLASH_SetLatency) for FLASH_SetLatency
    n32l40x_pwr.o(i.SetSysClock_MSI) refers to n32l40x_rcc.o(i.RCC_DeInit) for RCC_DeInit
    n32l40x_pwr.o(i.SetSysClock_MSI) refers to n32l40x_rcc.o(i.RCC_GetFlagStatus) for RCC_GetFlagStatus
    n32l40x_pwr.o(i.SetSysClock_MSI) refers to n32l40x_rcc.o(i.RCC_ConfigMsi) for RCC_ConfigMsi
    n32l40x_pwr.o(i.SetSysClock_MSI) refers to n32l40x_rcc.o(i.RCC_WaitMsiStable) for RCC_WaitMsiStable
    n32l40x_pwr.o(i.SetSysClock_MSI) refers to n32l40x_flash.o(i.FLASH_PrefetchBufSet) for FLASH_PrefetchBufSet
    n32l40x_pwr.o(i.SetSysClock_MSI) refers to n32l40x_rcc.o(i.RCC_ConfigSysclk) for RCC_ConfigSysclk
    n32l40x_pwr.o(i.SetSysClock_MSI) refers to n32l40x_rcc.o(i.RCC_GetSysclkSrc) for RCC_GetSysclkSrc
    n32l40x_pwr.o(i.SetSysClock_MSI) refers to n32l40x_rcc.o(i.RCC_ConfigHclk) for RCC_ConfigHclk
    n32l40x_pwr.o(i.SetSysClock_MSI) refers to n32l40x_rcc.o(i.RCC_ConfigPclk2) for RCC_ConfigPclk2
    n32l40x_pwr.o(i.SetSysClock_MSI) refers to n32l40x_rcc.o(i.RCC_ConfigPclk1) for RCC_ConfigPclk1
    n32l40x_rcc.o(i.RCC_ConfigLPTIMClk) refers to n32l40x_rcc.o(i.RCC_EnableAPB1PeriphClk) for RCC_EnableAPB1PeriphClk
    n32l40x_rcc.o(i.RCC_ConfigLse) refers to n32l40x_rcc.o(i.RCC_EnableAPB1PeriphClk) for RCC_EnableAPB1PeriphClk
    n32l40x_rcc.o(i.RCC_GetClocksFreqValue) refers to n32l40x_rcc.o(.constdata) for s_msiClockTable
    n32l40x_rcc.o(i.RCC_WaitHseStable) refers to n32l40x_rcc.o(i.RCC_GetFlagStatus) for RCC_GetFlagStatus
    n32l40x_rcc.o(i.RCC_WaitHsiStable) refers to n32l40x_rcc.o(i.RCC_GetFlagStatus) for RCC_GetFlagStatus
    n32l40x_rcc.o(i.RCC_WaitMsiStable) refers to n32l40x_rcc.o(i.RCC_GetFlagStatus) for RCC_GetFlagStatus
    n32l40x_rtc.o(i.RTC_ConfigSynchroShift) refers to n32l40x_rtc.o(i.RTC_WaitForSynchro) for RTC_WaitForSynchro
    n32l40x_rtc.o(i.RTC_ConfigTime) refers to n32l40x_rtc.o(i.RTC_Bcd2ToByte) for RTC_Bcd2ToByte
    n32l40x_rtc.o(i.RTC_ConfigTime) refers to n32l40x_rtc.o(i.RTC_ByteToBcd2) for RTC_ByteToBcd2
    n32l40x_rtc.o(i.RTC_ConfigTime) refers to n32l40x_rtc.o(i.RTC_EnterInitMode) for RTC_EnterInitMode
    n32l40x_rtc.o(i.RTC_ConfigTime) refers to n32l40x_rtc.o(i.RTC_ExitInitMode) for RTC_ExitInitMode
    n32l40x_rtc.o(i.RTC_ConfigTime) refers to n32l40x_rtc.o(i.RTC_WaitForSynchro) for RTC_WaitForSynchro
    n32l40x_rtc.o(i.RTC_DeInit) refers to n32l40x_rtc.o(i.RTC_EnterInitMode) for RTC_EnterInitMode
    n32l40x_rtc.o(i.RTC_DeInit) refers to n32l40x_rtc.o(i.RTC_WaitForSynchro) for RTC_WaitForSynchro
    n32l40x_rtc.o(i.RTC_EnableRefClock) refers to n32l40x_rtc.o(i.RTC_EnterInitMode) for RTC_EnterInitMode
    n32l40x_rtc.o(i.RTC_EnableRefClock) refers to n32l40x_rtc.o(i.RTC_ExitInitMode) for RTC_ExitInitMode
    n32l40x_rtc.o(i.RTC_GetAlarm) refers to n32l40x_rtc.o(i.RTC_Bcd2ToByte) for RTC_Bcd2ToByte
    n32l40x_rtc.o(i.RTC_GetDate) refers to n32l40x_rtc.o(i.RTC_Bcd2ToByte) for RTC_Bcd2ToByte
    n32l40x_rtc.o(i.RTC_GetTime) refers to n32l40x_rtc.o(i.RTC_Bcd2ToByte) for RTC_Bcd2ToByte
    n32l40x_rtc.o(i.RTC_GetTimeStamp) refers to n32l40x_rtc.o(i.RTC_Bcd2ToByte) for RTC_Bcd2ToByte
    n32l40x_rtc.o(i.RTC_Init) refers to n32l40x_rtc.o(i.RTC_EnterInitMode) for RTC_EnterInitMode
    n32l40x_rtc.o(i.RTC_Init) refers to n32l40x_rtc.o(i.RTC_ExitInitMode) for RTC_ExitInitMode
    n32l40x_rtc.o(i.RTC_SetAlarm) refers to n32l40x_rtc.o(i.RTC_Bcd2ToByte) for RTC_Bcd2ToByte
    n32l40x_rtc.o(i.RTC_SetAlarm) refers to n32l40x_rtc.o(i.RTC_ByteToBcd2) for RTC_ByteToBcd2
    n32l40x_rtc.o(i.RTC_SetDate) refers to n32l40x_rtc.o(i.RTC_Bcd2ToByte) for RTC_Bcd2ToByte
    n32l40x_rtc.o(i.RTC_SetDate) refers to n32l40x_rtc.o(i.RTC_ByteToBcd2) for RTC_ByteToBcd2
    n32l40x_rtc.o(i.RTC_SetDate) refers to n32l40x_rtc.o(i.RTC_EnterInitMode) for RTC_EnterInitMode
    n32l40x_rtc.o(i.RTC_SetDate) refers to n32l40x_rtc.o(i.RTC_ExitInitMode) for RTC_ExitInitMode
    n32l40x_rtc.o(i.RTC_SetDate) refers to n32l40x_rtc.o(i.RTC_WaitForSynchro) for RTC_WaitForSynchro
    n32l40x_usart.o(i.USART_DeInit) refers to n32l40x_rcc.o(i.RCC_EnableAPB2PeriphReset) for RCC_EnableAPB2PeriphReset
    n32l40x_usart.o(i.USART_DeInit) refers to n32l40x_rcc.o(i.RCC_EnableAPB1PeriphReset) for RCC_EnableAPB1PeriphReset
    n32l40x_usart.o(i.USART_Init) refers to n32l40x_rcc.o(i.RCC_GetClocksFreqValue) for RCC_GetClocksFreqValue
    entry.o(.ARM.Collect$$$$00000000) refers (Special) to entry10a.o(.ARM.Collect$$$$0000000D) for __rt_final_cpp
    entry.o(.ARM.Collect$$$$00000000) refers (Special) to entry11a.o(.ARM.Collect$$$$0000000F) for __rt_final_exit
    entry.o(.ARM.Collect$$$$00000000) refers (Special) to entry7b.o(.ARM.Collect$$$$00000008) for _main_clock
    entry.o(.ARM.Collect$$$$00000000) refers (Special) to entry8b.o(.ARM.Collect$$$$0000000A) for _main_cpp_init
    entry.o(.ARM.Collect$$$$00000000) refers (Special) to entry9a.o(.ARM.Collect$$$$0000000B) for _main_init
    entry.o(.ARM.Collect$$$$00000000) refers (Special) to entry5.o(.ARM.Collect$$$$00000004) for _main_scatterload
    entry.o(.ARM.Collect$$$$00000000) refers (Special) to entry2.o(.ARM.Collect$$$$00000001) for _main_stk
    printfb.o(i.__0fprintf$bare) refers to printfb.o(i._printf_core) for _printf_core
    printfb.o(i.__0fprintf$bare) refers to log.o(i.fputc) for fputc
    printfb.o(i.__0printf$bare) refers to printfb.o(i._printf_core) for _printf_core
    printfb.o(i.__0printf$bare) refers to log.o(i.fputc) for fputc
    printfb.o(i.__0printf$bare) refers to stdout.o(.data) for __stdout
    printfb.o(i.__0snprintf$bare) refers to printfb.o(i._printf_core) for _printf_core
    printfb.o(i.__0snprintf$bare) refers to printfb.o(i._snputc) for _snputc
    printfb.o(i.__0sprintf$bare) refers to printfb.o(i._printf_core) for _printf_core
    printfb.o(i.__0sprintf$bare) refers to printfb.o(i._sputc) for _sputc
    printfb.o(i.__0vfprintf$bare) refers to printfb.o(i._printf_core) for _printf_core
    printfb.o(i.__0vfprintf$bare) refers to log.o(i.fputc) for fputc
    printfb.o(i.__0vprintf$bare) refers to printfb.o(i._printf_core) for _printf_core
    printfb.o(i.__0vprintf$bare) refers to log.o(i.fputc) for fputc
    printfb.o(i.__0vprintf$bare) refers to stdout.o(.data) for __stdout
    printfb.o(i.__0vsnprintf$bare) refers to printfb.o(i._printf_core) for _printf_core
    printfb.o(i.__0vsnprintf$bare) refers to printfb.o(i._snputc) for _snputc
    printfb.o(i.__0vsprintf$bare) refers to printfb.o(i._printf_core) for _printf_core
    printfb.o(i.__0vsprintf$bare) refers to printfb.o(i._sputc) for _sputc
    printf0.o(i.__0fprintf$0) refers to printf0.o(i._printf_core) for _printf_core
    printf0.o(i.__0fprintf$0) refers to log.o(i.fputc) for fputc
    printf0.o(i.__0printf$0) refers to printf0.o(i._printf_core) for _printf_core
    printf0.o(i.__0printf$0) refers to log.o(i.fputc) for fputc
    printf0.o(i.__0printf$0) refers to stdout.o(.data) for __stdout
    printf0.o(i.__0snprintf$0) refers to printf0.o(i._printf_core) for _printf_core
    printf0.o(i.__0snprintf$0) refers to printf0.o(i._snputc) for _snputc
    printf0.o(i.__0sprintf$0) refers to printf0.o(i._printf_core) for _printf_core
    printf0.o(i.__0sprintf$0) refers to printf0.o(i._sputc) for _sputc
    printf0.o(i.__0vfprintf$0) refers to printf0.o(i._printf_core) for _printf_core
    printf0.o(i.__0vfprintf$0) refers to log.o(i.fputc) for fputc
    printf0.o(i.__0vprintf$0) refers to printf0.o(i._printf_core) for _printf_core
    printf0.o(i.__0vprintf$0) refers to log.o(i.fputc) for fputc
    printf0.o(i.__0vprintf$0) refers to stdout.o(.data) for __stdout
    printf0.o(i.__0vsnprintf$0) refers to printf0.o(i._printf_core) for _printf_core
    printf0.o(i.__0vsnprintf$0) refers to printf0.o(i._snputc) for _snputc
    printf0.o(i.__0vsprintf$0) refers to printf0.o(i._printf_core) for _printf_core
    printf0.o(i.__0vsprintf$0) refers to printf0.o(i._sputc) for _sputc
    printf1.o(i.__0fprintf$1) refers to printf1.o(i._printf_core) for _printf_core
    printf1.o(i.__0fprintf$1) refers to log.o(i.fputc) for fputc
    printf1.o(i.__0printf$1) refers to printf1.o(i._printf_core) for _printf_core
    printf1.o(i.__0printf$1) refers to log.o(i.fputc) for fputc
    printf1.o(i.__0printf$1) refers to stdout.o(.data) for __stdout
    printf1.o(i.__0snprintf$1) refers to printf1.o(i._printf_core) for _printf_core
    printf1.o(i.__0snprintf$1) refers to printf1.o(i._snputc) for _snputc
    printf1.o(i.__0sprintf$1) refers to printf1.o(i._printf_core) for _printf_core
    printf1.o(i.__0sprintf$1) refers to printf1.o(i._sputc) for _sputc
    printf1.o(i.__0vfprintf$1) refers to printf1.o(i._printf_core) for _printf_core
    printf1.o(i.__0vfprintf$1) refers to log.o(i.fputc) for fputc
    printf1.o(i.__0vprintf$1) refers to printf1.o(i._printf_core) for _printf_core
    printf1.o(i.__0vprintf$1) refers to log.o(i.fputc) for fputc
    printf1.o(i.__0vprintf$1) refers to stdout.o(.data) for __stdout
    printf1.o(i.__0vsnprintf$1) refers to printf1.o(i._printf_core) for _printf_core
    printf1.o(i.__0vsnprintf$1) refers to printf1.o(i._snputc) for _snputc
    printf1.o(i.__0vsprintf$1) refers to printf1.o(i._printf_core) for _printf_core
    printf1.o(i.__0vsprintf$1) refers to printf1.o(i._sputc) for _sputc
    printf1.o(i._printf_core) refers to uidiv.o(.text) for __aeabi_uidivmod
    printf2.o(i.__0fprintf$2) refers to printf2.o(i._printf_core) for _printf_core
    printf2.o(i.__0fprintf$2) refers to log.o(i.fputc) for fputc
    printf2.o(i.__0printf$2) refers to printf2.o(i._printf_core) for _printf_core
    printf2.o(i.__0printf$2) refers to log.o(i.fputc) for fputc
    printf2.o(i.__0printf$2) refers to stdout.o(.data) for __stdout
    printf2.o(i.__0snprintf$2) refers to printf2.o(i._printf_core) for _printf_core
    printf2.o(i.__0snprintf$2) refers to printf2.o(i._snputc) for _snputc
    printf2.o(i.__0sprintf$2) refers to printf2.o(i._printf_core) for _printf_core
    printf2.o(i.__0sprintf$2) refers to printf2.o(i._sputc) for _sputc
    printf2.o(i.__0vfprintf$2) refers to printf2.o(i._printf_core) for _printf_core
    printf2.o(i.__0vfprintf$2) refers to log.o(i.fputc) for fputc
    printf2.o(i.__0vprintf$2) refers to printf2.o(i._printf_core) for _printf_core
    printf2.o(i.__0vprintf$2) refers to log.o(i.fputc) for fputc
    printf2.o(i.__0vprintf$2) refers to stdout.o(.data) for __stdout
    printf2.o(i.__0vsnprintf$2) refers to printf2.o(i._printf_core) for _printf_core
    printf2.o(i.__0vsnprintf$2) refers to printf2.o(i._snputc) for _snputc
    printf2.o(i.__0vsprintf$2) refers to printf2.o(i._printf_core) for _printf_core
    printf2.o(i.__0vsprintf$2) refers to printf2.o(i._sputc) for _sputc
    printf3.o(i.__0fprintf$3) refers to printf3.o(i._printf_core) for _printf_core
    printf3.o(i.__0fprintf$3) refers to log.o(i.fputc) for fputc
    printf3.o(i.__0printf$3) refers to printf3.o(i._printf_core) for _printf_core
    printf3.o(i.__0printf$3) refers to log.o(i.fputc) for fputc
    printf3.o(i.__0printf$3) refers to stdout.o(.data) for __stdout
    printf3.o(i.__0snprintf$3) refers to printf3.o(i._printf_core) for _printf_core
    printf3.o(i.__0snprintf$3) refers to printf3.o(i._snputc) for _snputc
    printf3.o(i.__0sprintf$3) refers to printf3.o(i._printf_core) for _printf_core
    printf3.o(i.__0sprintf$3) refers to printf3.o(i._sputc) for _sputc
    printf3.o(i.__0vfprintf$3) refers to printf3.o(i._printf_core) for _printf_core
    printf3.o(i.__0vfprintf$3) refers to log.o(i.fputc) for fputc
    printf3.o(i.__0vprintf$3) refers to printf3.o(i._printf_core) for _printf_core
    printf3.o(i.__0vprintf$3) refers to log.o(i.fputc) for fputc
    printf3.o(i.__0vprintf$3) refers to stdout.o(.data) for __stdout
    printf3.o(i.__0vsnprintf$3) refers to printf3.o(i._printf_core) for _printf_core
    printf3.o(i.__0vsnprintf$3) refers to printf3.o(i._snputc) for _snputc
    printf3.o(i.__0vsprintf$3) refers to printf3.o(i._printf_core) for _printf_core
    printf3.o(i.__0vsprintf$3) refers to printf3.o(i._sputc) for _sputc
    printf3.o(i._printf_core) refers to uidiv.o(.text) for __aeabi_uidivmod
    printf4.o(i.__0fprintf$4) refers to printf4.o(i._printf_core) for _printf_core
    printf4.o(i.__0fprintf$4) refers to log.o(i.fputc) for fputc
    printf4.o(i.__0printf$4) refers to printf4.o(i._printf_core) for _printf_core
    printf4.o(i.__0printf$4) refers to log.o(i.fputc) for fputc
    printf4.o(i.__0printf$4) refers to stdout.o(.data) for __stdout
    printf4.o(i.__0snprintf$4) refers to printf4.o(i._printf_core) for _printf_core
    printf4.o(i.__0snprintf$4) refers to printf4.o(i._snputc) for _snputc
    printf4.o(i.__0sprintf$4) refers to printf4.o(i._printf_core) for _printf_core
    printf4.o(i.__0sprintf$4) refers to printf4.o(i._sputc) for _sputc
    printf4.o(i.__0vfprintf$4) refers to printf4.o(i._printf_core) for _printf_core
    printf4.o(i.__0vfprintf$4) refers to log.o(i.fputc) for fputc
    printf4.o(i.__0vprintf$4) refers to printf4.o(i._printf_core) for _printf_core
    printf4.o(i.__0vprintf$4) refers to log.o(i.fputc) for fputc
    printf4.o(i.__0vprintf$4) refers to stdout.o(.data) for __stdout
    printf4.o(i.__0vsnprintf$4) refers to printf4.o(i._printf_core) for _printf_core
    printf4.o(i.__0vsnprintf$4) refers to printf4.o(i._snputc) for _snputc
    printf4.o(i.__0vsprintf$4) refers to printf4.o(i._printf_core) for _printf_core
    printf4.o(i.__0vsprintf$4) refers to printf4.o(i._sputc) for _sputc
    printf4.o(i._printf_core) refers to uldiv.o(.text) for __aeabi_uldivmod
    printf5.o(i.__0fprintf$5) refers to printf5.o(i._printf_core) for _printf_core
    printf5.o(i.__0fprintf$5) refers to log.o(i.fputc) for fputc
    printf5.o(i.__0printf$5) refers to printf5.o(i._printf_core) for _printf_core
    printf5.o(i.__0printf$5) refers to log.o(i.fputc) for fputc
    printf5.o(i.__0printf$5) refers to stdout.o(.data) for __stdout
    printf5.o(i.__0snprintf$5) refers to printf5.o(i._printf_core) for _printf_core
    printf5.o(i.__0snprintf$5) refers to printf5.o(i._snputc) for _snputc
    printf5.o(i.__0sprintf$5) refers to printf5.o(i._printf_core) for _printf_core
    printf5.o(i.__0sprintf$5) refers to printf5.o(i._sputc) for _sputc
    printf5.o(i.__0vfprintf$5) refers to printf5.o(i._printf_core) for _printf_core
    printf5.o(i.__0vfprintf$5) refers to log.o(i.fputc) for fputc
    printf5.o(i.__0vprintf$5) refers to printf5.o(i._printf_core) for _printf_core
    printf5.o(i.__0vprintf$5) refers to log.o(i.fputc) for fputc
    printf5.o(i.__0vprintf$5) refers to stdout.o(.data) for __stdout
    printf5.o(i.__0vsnprintf$5) refers to printf5.o(i._printf_core) for _printf_core
    printf5.o(i.__0vsnprintf$5) refers to printf5.o(i._snputc) for _snputc
    printf5.o(i.__0vsprintf$5) refers to printf5.o(i._printf_core) for _printf_core
    printf5.o(i.__0vsprintf$5) refers to printf5.o(i._sputc) for _sputc
    printf5.o(i._printf_core) refers to uldiv.o(.text) for __aeabi_uldivmod
    printf6.o(i.__0fprintf$6) refers to printf6.o(i._printf_core) for _printf_core
    printf6.o(i.__0fprintf$6) refers to log.o(i.fputc) for fputc
    printf6.o(i.__0printf$6) refers to printf6.o(i._printf_core) for _printf_core
    printf6.o(i.__0printf$6) refers to log.o(i.fputc) for fputc
    printf6.o(i.__0printf$6) refers to stdout.o(.data) for __stdout
    printf6.o(i.__0snprintf$6) refers to printf6.o(i._printf_core) for _printf_core
    printf6.o(i.__0snprintf$6) refers to printf6.o(i._snputc) for _snputc
    printf6.o(i.__0sprintf$6) refers to printf6.o(i._printf_core) for _printf_core
    printf6.o(i.__0sprintf$6) refers to printf6.o(i._sputc) for _sputc
    printf6.o(i.__0vfprintf$6) refers to printf6.o(i._printf_core) for _printf_core
    printf6.o(i.__0vfprintf$6) refers to log.o(i.fputc) for fputc
    printf6.o(i.__0vprintf$6) refers to printf6.o(i._printf_core) for _printf_core
    printf6.o(i.__0vprintf$6) refers to log.o(i.fputc) for fputc
    printf6.o(i.__0vprintf$6) refers to stdout.o(.data) for __stdout
    printf6.o(i.__0vsnprintf$6) refers to printf6.o(i._printf_core) for _printf_core
    printf6.o(i.__0vsnprintf$6) refers to printf6.o(i._snputc) for _snputc
    printf6.o(i.__0vsprintf$6) refers to printf6.o(i._printf_core) for _printf_core
    printf6.o(i.__0vsprintf$6) refers to printf6.o(i._sputc) for _sputc
    printf6.o(i._printf_core) refers to printf6.o(i._printf_pre_padding) for _printf_pre_padding
    printf6.o(i._printf_core) refers to uidiv.o(.text) for __aeabi_uidivmod
    printf6.o(i._printf_core) refers to printf6.o(i._printf_post_padding) for _printf_post_padding
    printf7.o(i.__0fprintf$7) refers to printf7.o(i._printf_core) for _printf_core
    printf7.o(i.__0fprintf$7) refers to log.o(i.fputc) for fputc
    printf7.o(i.__0printf$7) refers to printf7.o(i._printf_core) for _printf_core
    printf7.o(i.__0printf$7) refers to log.o(i.fputc) for fputc
    printf7.o(i.__0printf$7) refers to stdout.o(.data) for __stdout
    printf7.o(i.__0snprintf$7) refers to printf7.o(i._printf_core) for _printf_core
    printf7.o(i.__0snprintf$7) refers to printf7.o(i._snputc) for _snputc
    printf7.o(i.__0sprintf$7) refers to printf7.o(i._printf_core) for _printf_core
    printf7.o(i.__0sprintf$7) refers to printf7.o(i._sputc) for _sputc
    printf7.o(i.__0vfprintf$7) refers to printf7.o(i._printf_core) for _printf_core
    printf7.o(i.__0vfprintf$7) refers to log.o(i.fputc) for fputc
    printf7.o(i.__0vprintf$7) refers to printf7.o(i._printf_core) for _printf_core
    printf7.o(i.__0vprintf$7) refers to log.o(i.fputc) for fputc
    printf7.o(i.__0vprintf$7) refers to stdout.o(.data) for __stdout
    printf7.o(i.__0vsnprintf$7) refers to printf7.o(i._printf_core) for _printf_core
    printf7.o(i.__0vsnprintf$7) refers to printf7.o(i._snputc) for _snputc
    printf7.o(i.__0vsprintf$7) refers to printf7.o(i._printf_core) for _printf_core
    printf7.o(i.__0vsprintf$7) refers to printf7.o(i._sputc) for _sputc
    printf7.o(i._printf_core) refers to printf7.o(i._printf_pre_padding) for _printf_pre_padding
    printf7.o(i._printf_core) refers to uldiv.o(.text) for __aeabi_uldivmod
    printf7.o(i._printf_core) refers to printf7.o(i._printf_post_padding) for _printf_post_padding
    printf8.o(i.__0fprintf$8) refers to printf8.o(i._printf_core) for _printf_core
    printf8.o(i.__0fprintf$8) refers to log.o(i.fputc) for fputc
    printf8.o(i.__0printf$8) refers to printf8.o(i._printf_core) for _printf_core
    printf8.o(i.__0printf$8) refers to log.o(i.fputc) for fputc
    printf8.o(i.__0printf$8) refers to stdout.o(.data) for __stdout
    printf8.o(i.__0snprintf$8) refers to printf8.o(i._printf_core) for _printf_core
    printf8.o(i.__0snprintf$8) refers to printf8.o(i._snputc) for _snputc
    printf8.o(i.__0sprintf$8) refers to printf8.o(i._printf_core) for _printf_core
    printf8.o(i.__0sprintf$8) refers to printf8.o(i._sputc) for _sputc
    printf8.o(i.__0vfprintf$8) refers to printf8.o(i._printf_core) for _printf_core
    printf8.o(i.__0vfprintf$8) refers to log.o(i.fputc) for fputc
    printf8.o(i.__0vprintf$8) refers to printf8.o(i._printf_core) for _printf_core
    printf8.o(i.__0vprintf$8) refers to log.o(i.fputc) for fputc
    printf8.o(i.__0vprintf$8) refers to stdout.o(.data) for __stdout
    printf8.o(i.__0vsnprintf$8) refers to printf8.o(i._printf_core) for _printf_core
    printf8.o(i.__0vsnprintf$8) refers to printf8.o(i._snputc) for _snputc
    printf8.o(i.__0vsprintf$8) refers to printf8.o(i._printf_core) for _printf_core
    printf8.o(i.__0vsprintf$8) refers to printf8.o(i._sputc) for _sputc
    printf8.o(i._printf_core) refers to printf8.o(i._printf_pre_padding) for _printf_pre_padding
    printf8.o(i._printf_core) refers to uldiv.o(.text) for __aeabi_uldivmod
    printf8.o(i._printf_core) refers to printf8.o(i._printf_post_padding) for _printf_post_padding
    printfa.o(i.__0fprintf) refers (Special) to iusefp.o(.text) for __I$use$fp
    printfa.o(i.__0fprintf) refers to printfa.o(i._printf_core) for _printf_core
    printfa.o(i.__0fprintf) refers to log.o(i.fputc) for fputc
    printfa.o(i.__0printf) refers (Special) to iusefp.o(.text) for __I$use$fp
    printfa.o(i.__0printf) refers to printfa.o(i._printf_core) for _printf_core
    printfa.o(i.__0printf) refers to log.o(i.fputc) for fputc
    printfa.o(i.__0printf) refers to stdout.o(.data) for __stdout
    printfa.o(i.__0snprintf) refers (Special) to iusefp.o(.text) for __I$use$fp
    printfa.o(i.__0snprintf) refers to printfa.o(i._printf_core) for _printf_core
    printfa.o(i.__0snprintf) refers to printfa.o(i._snputc) for _snputc
    printfa.o(i.__0sprintf) refers (Special) to iusefp.o(.text) for __I$use$fp
    printfa.o(i.__0sprintf) refers to printfa.o(i._printf_core) for _printf_core
    printfa.o(i.__0sprintf) refers to printfa.o(i._sputc) for _sputc
    printfa.o(i.__0vfprintf) refers (Special) to iusefp.o(.text) for __I$use$fp
    printfa.o(i.__0vfprintf) refers to printfa.o(i._printf_core) for _printf_core
    printfa.o(i.__0vfprintf) refers to log.o(i.fputc) for fputc
    printfa.o(i.__0vprintf) refers (Special) to iusefp.o(.text) for __I$use$fp
    printfa.o(i.__0vprintf) refers to printfa.o(i._printf_core) for _printf_core
    printfa.o(i.__0vprintf) refers to log.o(i.fputc) for fputc
    printfa.o(i.__0vprintf) refers to stdout.o(.data) for __stdout
    printfa.o(i.__0vsnprintf) refers (Special) to iusefp.o(.text) for __I$use$fp
    printfa.o(i.__0vsnprintf) refers to printfa.o(i._printf_core) for _printf_core
    printfa.o(i.__0vsnprintf) refers to printfa.o(i._snputc) for _snputc
    printfa.o(i.__0vsprintf) refers (Special) to iusefp.o(.text) for __I$use$fp
    printfa.o(i.__0vsprintf) refers to printfa.o(i._printf_core) for _printf_core
    printfa.o(i.__0vsprintf) refers to printfa.o(i._sputc) for _sputc
    printfa.o(i._fp_digits) refers (Special) to iusefp.o(.text) for __I$use$fp
    printfa.o(i._fp_digits) refers to dmul.o(.text) for __aeabi_dmul
    printfa.o(i._fp_digits) refers to ddiv.o(.text) for __aeabi_ddiv
    printfa.o(i._fp_digits) refers to cdrcmple.o(.text) for __aeabi_cdrcmple
    printfa.o(i._fp_digits) refers to dadd.o(.text) for __aeabi_dadd
    printfa.o(i._fp_digits) refers to dfixul.o(.text) for __aeabi_d2ulz
    printfa.o(i._fp_digits) refers to uldiv.o(.text) for __aeabi_uldivmod
    printfa.o(i._printf_core) refers (Special) to iusefp.o(.text) for __I$use$fp
    printfa.o(i._printf_core) refers to printfa.o(i._printf_pre_padding) for _printf_pre_padding
    printfa.o(i._printf_core) refers to uldiv.o(.text) for __aeabi_uldivmod
    printfa.o(i._printf_core) refers to printfa.o(i._printf_post_padding) for _printf_post_padding
    printfa.o(i._printf_core) refers to printfa.o(i._fp_digits) for _fp_digits
    printfa.o(i._printf_core) refers to uidiv.o(.text) for __aeabi_uidivmod
    printfa.o(i._printf_post_padding) refers (Special) to iusefp.o(.text) for __I$use$fp
    printfa.o(i._printf_pre_padding) refers (Special) to iusefp.o(.text) for __I$use$fp
    printfa.o(i._snputc) refers (Special) to iusefp.o(.text) for __I$use$fp
    printfa.o(i._sputc) refers (Special) to iusefp.o(.text) for __I$use$fp
    entry2.o(.ARM.Collect$$$$00000001) refers to entry2.o(.ARM.Collect$$$$00002712) for __lit__00000000
    entry2.o(.ARM.Collect$$$$00002712) refers to startup_n32l40x.o(STACK) for __initial_sp
    entry2.o(__vectab_stack_and_reset_area) refers to startup_n32l40x.o(STACK) for __initial_sp
    entry2.o(__vectab_stack_and_reset_area) refers to entry.o(.ARM.Collect$$$$00000000) for __main
    entry5.o(.ARM.Collect$$$$00000004) refers to init.o(.text) for __scatterload
    entry9a.o(.ARM.Collect$$$$0000000B) refers to main.o(i.main) for main
    entry9b.o(.ARM.Collect$$$$0000000C) refers to main.o(i.main) for main
    uldiv.o(.text) refers to llushr.o(.text) for __aeabi_llsr
    uldiv.o(.text) refers to llshl.o(.text) for __aeabi_llsl
    dadd.o(.text) refers to llshl.o(.text) for __aeabi_llsl
    dadd.o(.text) refers to llsshr.o(.text) for __aeabi_lasr
    dadd.o(.text) refers to depilogue.o(.text) for _double_epilogue
    dmul.o(.text) refers to depilogue.o(.text) for _double_epilogue
    ddiv.o(.text) refers to depilogue.o(.text) for _double_round
    dfixul.o(.text) refers to llushr.o(.text) for __aeabi_llsr
    dfixul.o(.text) refers to llshl.o(.text) for __aeabi_llsl
    init.o(.text) refers to entry5.o(.ARM.Collect$$$$00000004) for __main_after_scatterload
    depilogue.o(.text) refers to llshl.o(.text) for __aeabi_llsl
    depilogue.o(.text) refers to llushr.o(.text) for __aeabi_llsr


==============================================================================

Removing Unused input sections from the image.

    Removing startup_n32l40x.o(HEAP), (768 bytes).
    Removing system_n32l40x.o(.rev16_text), (4 bytes).
    Removing system_n32l40x.o(.revsh_text), (4 bytes).
    Removing system_n32l40x.o(.rrx_text), (6 bytes).
    Removing system_n32l40x.o(i.SystemCoreClockUpdate), (268 bytes).
    Removing system_n32l40x.o(.constdata), (44 bytes).
    Removing main.o(.rev16_text), (4 bytes).
    Removing main.o(.revsh_text), (4 bytes).
    Removing main.o(.rrx_text), (6 bytes).
    Removing n32l40x_it.o(.rev16_text), (4 bytes).
    Removing n32l40x_it.o(.revsh_text), (4 bytes).
    Removing n32l40x_it.o(.rrx_text), (6 bytes).
    Removing n32l40x_it.o(i.DMA_IRQ_HANDLER), (2 bytes).
    Removing user_rtcbkp_config.o(.rev16_text), (4 bytes).
    Removing user_rtcbkp_config.o(.revsh_text), (4 bytes).
    Removing user_rtcbkp_config.o(.rrx_text), (6 bytes).
    Removing log.o(.rev16_text), (4 bytes).
    Removing log.o(.revsh_text), (4 bytes).
    Removing log.o(.rrx_text), (6 bytes).
    Removing misc.o(.rev16_text), (4 bytes).
    Removing misc.o(.revsh_text), (4 bytes).
    Removing misc.o(.rrx_text), (6 bytes).
    Removing misc.o(i.NVIC_Init), (112 bytes).
    Removing misc.o(i.NVIC_PriorityGroupConfig), (20 bytes).
    Removing misc.o(i.NVIC_SetVectorTable), (20 bytes).
    Removing misc.o(i.NVIC_SystemLPConfig), (32 bytes).
    Removing misc.o(i.SysTick_CLKSourceConfig), (40 bytes).
    Removing n32l40x_exti.o(.rev16_text), (4 bytes).
    Removing n32l40x_exti.o(.revsh_text), (4 bytes).
    Removing n32l40x_exti.o(.rrx_text), (6 bytes).
    Removing n32l40x_exti.o(i.EXTI_ClrITPendBit), (12 bytes).
    Removing n32l40x_exti.o(i.EXTI_ClrStatusFlag), (12 bytes).
    Removing n32l40x_exti.o(i.EXTI_DeInit), (36 bytes).
    Removing n32l40x_exti.o(i.EXTI_GetITStatus), (40 bytes).
    Removing n32l40x_exti.o(i.EXTI_GetStatusFlag), (24 bytes).
    Removing n32l40x_exti.o(i.EXTI_InitPeripheral), (148 bytes).
    Removing n32l40x_exti.o(i.EXTI_InitStruct), (16 bytes).
    Removing n32l40x_exti.o(i.EXTI_RTCTimeStampSel), (24 bytes).
    Removing n32l40x_exti.o(i.EXTI_TriggerSWInt), (16 bytes).
    Removing n32l40x_flash.o(.rev16_text), (4 bytes).
    Removing n32l40x_flash.o(.revsh_text), (4 bytes).
    Removing n32l40x_flash.o(.rrx_text), (6 bytes).
    Removing n32l40x_flash.o(i.FLASH_ClearFlag), (16 bytes).
    Removing n32l40x_flash.o(i.FLASH_ClockInit), (76 bytes).
    Removing n32l40x_flash.o(i.FLASH_ConfigALLOptionByte), (392 bytes).
    Removing n32l40x_flash.o(i.FLASH_ConfigUserOB), (232 bytes).
    Removing n32l40x_flash.o(i.FLASH_ConfigUserOB2), (264 bytes).
    Removing n32l40x_flash.o(i.FLASH_EnWriteProtection), (188 bytes).
    Removing n32l40x_flash.o(i.FLASH_EraseOB), (200 bytes).
    Removing n32l40x_flash.o(i.FLASH_EraseOnePage), (84 bytes).
    Removing n32l40x_flash.o(i.FLASH_FLASHSleepModeCmd), (28 bytes).
    Removing n32l40x_flash.o(i.FLASH_GetFLASHSleepModeSTS), (24 bytes).
    Removing n32l40x_flash.o(i.FLASH_GetFlagSTS), (48 bytes).
    Removing n32l40x_flash.o(i.FLASH_GetLowVoltageModeSTS), (24 bytes).
    Removing n32l40x_flash.o(i.FLASH_GetPrefetchBufSTS), (24 bytes).
    Removing n32l40x_flash.o(i.FLASH_GetReadOutProtectionL2STS), (24 bytes).
    Removing n32l40x_flash.o(i.FLASH_GetReadOutProtectionSTS), (24 bytes).
    Removing n32l40x_flash.o(i.FLASH_GetSMPSELStatus), (28 bytes).
    Removing n32l40x_flash.o(i.FLASH_GetSTS), (80 bytes).
    Removing n32l40x_flash.o(i.FLASH_GetUserOB), (12 bytes).
    Removing n32l40x_flash.o(i.FLASH_GetWriteProtectionOB), (12 bytes).
    Removing n32l40x_flash.o(i.FLASH_INTConfig), (32 bytes).
    Removing n32l40x_flash.o(i.FLASH_Lock), (20 bytes).
    Removing n32l40x_flash.o(i.FLASH_LowVoltageModeCmd), (28 bytes).
    Removing n32l40x_flash.o(i.FLASH_MassErase), (80 bytes).
    Removing n32l40x_flash.o(i.FLASH_PrefetchBufSet), (28 bytes).
    Removing n32l40x_flash.o(i.FLASH_ProgramOBData), (108 bytes).
    Removing n32l40x_flash.o(i.FLASH_ProgramWord), (92 bytes).
    Removing n32l40x_flash.o(i.FLASH_ReadOutProtectionL1), (212 bytes).
    Removing n32l40x_flash.o(i.FLASH_ReadOutProtectionL2_ENABLE), (236 bytes).
    Removing n32l40x_flash.o(i.FLASH_SetLatency), (24 bytes).
    Removing n32l40x_flash.o(i.FLASH_SetSMPSELStatus), (28 bytes).
    Removing n32l40x_flash.o(i.FLASH_Unlock), (24 bytes).
    Removing n32l40x_flash.o(i.FLASH_WaitForLastOpt), (38 bytes).
    Removing n32l40x_flash.o(i.FLASH_iCacheCmd), (28 bytes).
    Removing n32l40x_flash.o(i.FLASH_iCacheRST), (20 bytes).
    Removing n32l40x_gpio.o(.rev16_text), (4 bytes).
    Removing n32l40x_gpio.o(.revsh_text), (4 bytes).
    Removing n32l40x_gpio.o(.rrx_text), (6 bytes).
    Removing n32l40x_gpio.o(i.AFIO_ConfigADCExternalTrigRemap), (80 bytes).
    Removing n32l40x_gpio.o(i.AFIO_ConfigSPINSSMode), (32 bytes).
    Removing n32l40x_gpio.o(i.GPIO_AFIOInitDefault), (20 bytes).
    Removing n32l40x_gpio.o(i.GPIO_ConfigEXTILine), (64 bytes).
    Removing n32l40x_gpio.o(i.GPIO_ConfigEventOutput), (100 bytes).
    Removing n32l40x_gpio.o(i.GPIO_ConfigPinLock), (18 bytes).
    Removing n32l40x_gpio.o(i.GPIO_ConfigPinRemap), (112 bytes).
    Removing n32l40x_gpio.o(i.GPIO_CtrlEventOutput), (12 bytes).
    Removing n32l40x_gpio.o(i.GPIO_DeInit), (368 bytes).
    Removing n32l40x_gpio.o(i.GPIO_ReadInputData), (8 bytes).
    Removing n32l40x_gpio.o(i.GPIO_ReadInputDataBit), (18 bytes).
    Removing n32l40x_gpio.o(i.GPIO_ReadOutputData), (8 bytes).
    Removing n32l40x_gpio.o(i.GPIO_ReadOutputDataBit), (18 bytes).
    Removing n32l40x_gpio.o(i.GPIO_ResetBits), (4 bytes).
    Removing n32l40x_gpio.o(i.GPIO_SetBits), (4 bytes).
    Removing n32l40x_gpio.o(i.GPIO_SetBitsHigh16), (4 bytes).
    Removing n32l40x_gpio.o(i.GPIO_Write), (4 bytes).
    Removing n32l40x_gpio.o(i.GPIO_WriteBit), (10 bytes).
    Removing n32l40x_pwr.o(.rev16_text), (4 bytes).
    Removing n32l40x_pwr.o(.revsh_text), (4 bytes).
    Removing n32l40x_pwr.o(.rrx_text), (6 bytes).
    Removing n32l40x_pwr.o(i.GetMrVoltage), (16 bytes).
    Removing n32l40x_pwr.o(i.PWR_ClearFlag), (16 bytes).
    Removing n32l40x_pwr.o(i.PWR_DeInit), (22 bytes).
    Removing n32l40x_pwr.o(i.PWR_EnterLowPowerRunMode), (156 bytes).
    Removing n32l40x_pwr.o(i.PWR_EnterLowPowerSleepMode), (20 bytes).
    Removing n32l40x_pwr.o(i.PWR_EnterSLEEPMode), (64 bytes).
    Removing n32l40x_pwr.o(i.PWR_EnterSTANDBYMode), (100 bytes).
    Removing n32l40x_pwr.o(i.PWR_EnterSTOP2Mode), (80 bytes).
    Removing n32l40x_pwr.o(i.PWR_ExitLowPowerRunMode), (168 bytes).
    Removing n32l40x_pwr.o(i.PWR_GetFlagStatus), (44 bytes).
    Removing n32l40x_pwr.o(i.PWR_MRconfig), (24 bytes).
    Removing n32l40x_pwr.o(i.PWR_PVDLevelConfig), (24 bytes).
    Removing n32l40x_pwr.o(i.PWR_PvdEnable), (16 bytes).
    Removing n32l40x_pwr.o(i.PWR_WakeUpPinEnable), (72 bytes).
    Removing n32l40x_pwr.o(i.SetSysClock_MSI), (72 bytes).
    Removing n32l40x_rcc.o(.rev16_text), (4 bytes).
    Removing n32l40x_rcc.o(.revsh_text), (4 bytes).
    Removing n32l40x_rcc.o(.rrx_text), (6 bytes).
    Removing n32l40x_rcc.o(i.RCC_ClrFlag), (28 bytes).
    Removing n32l40x_rcc.o(i.RCC_ClrIntPendingBit), (16 bytes).
    Removing n32l40x_rcc.o(i.RCC_ClrSRAMParityErrorFlag), (16 bytes).
    Removing n32l40x_rcc.o(i.RCC_ConfigAdc1mClk), (28 bytes).
    Removing n32l40x_rcc.o(i.RCC_ConfigAdcHclk), (24 bytes).
    Removing n32l40x_rcc.o(i.RCC_ConfigAdcPllClk), (36 bytes).
    Removing n32l40x_rcc.o(i.RCC_ConfigHclk), (24 bytes).
    Removing n32l40x_rcc.o(i.RCC_ConfigHse), (76 bytes).
    Removing n32l40x_rcc.o(i.RCC_ConfigHsi), (40 bytes).
    Removing n32l40x_rcc.o(i.RCC_ConfigInt), (36 bytes).
    Removing n32l40x_rcc.o(i.RCC_ConfigLPTIMClk), (56 bytes).
    Removing n32l40x_rcc.o(i.RCC_ConfigLPUARTClk), (28 bytes).
    Removing n32l40x_rcc.o(i.RCC_ConfigLSXClk), (28 bytes).
    Removing n32l40x_rcc.o(i.RCC_ConfigMco), (24 bytes).
    Removing n32l40x_rcc.o(i.RCC_ConfigMcoClkPre), (24 bytes).
    Removing n32l40x_rcc.o(i.RCC_ConfigMsi), (64 bytes).
    Removing n32l40x_rcc.o(i.RCC_ConfigPclk1), (24 bytes).
    Removing n32l40x_rcc.o(i.RCC_ConfigPclk2), (24 bytes).
    Removing n32l40x_rcc.o(i.RCC_ConfigPll), (64 bytes).
    Removing n32l40x_rcc.o(i.RCC_ConfigRngcClk), (24 bytes).
    Removing n32l40x_rcc.o(i.RCC_ConfigSRAMParityErrorInt), (32 bytes).
    Removing n32l40x_rcc.o(i.RCC_ConfigSRAMParityErrorRESET), (32 bytes).
    Removing n32l40x_rcc.o(i.RCC_ConfigSysclk), (24 bytes).
    Removing n32l40x_rcc.o(i.RCC_ConfigTim18Clk), (24 bytes).
    Removing n32l40x_rcc.o(i.RCC_ConfigTrng1mClk), (28 bytes).
    Removing n32l40x_rcc.o(i.RCC_ConfigUCDRClk), (52 bytes).
    Removing n32l40x_rcc.o(i.RCC_ConfigUSBXTALESSMode), (28 bytes).
    Removing n32l40x_rcc.o(i.RCC_ConfigUsbClk), (20 bytes).
    Removing n32l40x_rcc.o(i.RCC_DeInit), (96 bytes).
    Removing n32l40x_rcc.o(i.RCC_EnableAHBPeriphClk), (32 bytes).
    Removing n32l40x_rcc.o(i.RCC_EnableAHBPeriphReset), (32 bytes).
    Removing n32l40x_rcc.o(i.RCC_EnableAPB1PeriphReset), (32 bytes).
    Removing n32l40x_rcc.o(i.RCC_EnableAPB2PeriphReset), (32 bytes).
    Removing n32l40x_rcc.o(i.RCC_EnableClockSecuritySystem), (12 bytes).
    Removing n32l40x_rcc.o(i.RCC_EnableHsi), (12 bytes).
    Removing n32l40x_rcc.o(i.RCC_EnableLSEClockSecuritySystem), (12 bytes).
    Removing n32l40x_rcc.o(i.RCC_EnableLowPowerReset), (12 bytes).
    Removing n32l40x_rcc.o(i.RCC_EnableMsi), (12 bytes).
    Removing n32l40x_rcc.o(i.RCC_EnablePll), (12 bytes).
    Removing n32l40x_rcc.o(i.RCC_EnableRETPeriphClk), (32 bytes).
    Removing n32l40x_rcc.o(i.RCC_EnableRETPeriphReset), (36 bytes).
    Removing n32l40x_rcc.o(i.RCC_EnableTrng1mClk), (36 bytes).
    Removing n32l40x_rcc.o(i.RCC_GetIntStatus), (24 bytes).
    Removing n32l40x_rcc.o(i.RCC_GetLPTIMClkSrc), (16 bytes).
    Removing n32l40x_rcc.o(i.RCC_GetLPUARTClkSrc), (16 bytes).
    Removing n32l40x_rcc.o(i.RCC_GetLSEClockSecuritySystemStatus), (24 bytes).
    Removing n32l40x_rcc.o(i.RCC_GetLSXClkSrc), (16 bytes).
    Removing n32l40x_rcc.o(i.RCC_GetRTCClkSrc), (16 bytes).
    Removing n32l40x_rcc.o(i.RCC_GetSysclkSrc), (16 bytes).
    Removing n32l40x_rcc.o(i.RCC_SetHsiCalibValue), (24 bytes).
    Removing n32l40x_rcc.o(i.RCC_SetMsiCalibValue), (24 bytes).
    Removing n32l40x_rcc.o(i.RCC_WaitHseStable), (56 bytes).
    Removing n32l40x_rcc.o(i.RCC_WaitHsiStable), (56 bytes).
    Removing n32l40x_rcc.o(i.RCC_WaitMsiStable), (56 bytes).
    Removing n32l40x_rtc.o(.rev16_text), (4 bytes).
    Removing n32l40x_rtc.o(.revsh_text), (4 bytes).
    Removing n32l40x_rtc.o(.rrx_text), (6 bytes).
    Removing n32l40x_rtc.o(i.RTC_AlarmStructInit), (22 bytes).
    Removing n32l40x_rtc.o(i.RTC_Bcd2ToByte), (22 bytes).
    Removing n32l40x_rtc.o(i.RTC_ByteToBcd2), (28 bytes).
    Removing n32l40x_rtc.o(i.RTC_ClrFlag), (32 bytes).
    Removing n32l40x_rtc.o(i.RTC_ClrIntPendingBit), (32 bytes).
    Removing n32l40x_rtc.o(i.RTC_ConfigAlarmSubSecond), (52 bytes).
    Removing n32l40x_rtc.o(i.RTC_ConfigCalibOutput), (48 bytes).
    Removing n32l40x_rtc.o(i.RTC_ConfigDayLightSaving), (60 bytes).
    Removing n32l40x_rtc.o(i.RTC_ConfigInt), (64 bytes).
    Removing n32l40x_rtc.o(i.RTC_ConfigOutput), (60 bytes).
    Removing n32l40x_rtc.o(i.RTC_ConfigOutputType), (28 bytes).
    Removing n32l40x_rtc.o(i.RTC_ConfigSmoothCalib), (96 bytes).
    Removing n32l40x_rtc.o(i.RTC_ConfigSynchroShift), (124 bytes).
    Removing n32l40x_rtc.o(i.RTC_ConfigTime), (212 bytes).
    Removing n32l40x_rtc.o(i.RTC_ConfigWakeUpClock), (48 bytes).
    Removing n32l40x_rtc.o(i.RTC_DateStructInit), (14 bytes).
    Removing n32l40x_rtc.o(i.RTC_DeInit), (224 bytes).
    Removing n32l40x_rtc.o(i.RTC_EnableAlarm), (116 bytes).
    Removing n32l40x_rtc.o(i.RTC_EnableBypassShadow), (60 bytes).
    Removing n32l40x_rtc.o(i.RTC_EnableCalibOutput), (60 bytes).
    Removing n32l40x_rtc.o(i.RTC_EnableRefClock), (80 bytes).
    Removing n32l40x_rtc.o(i.RTC_EnableTimeStamp), (56 bytes).
    Removing n32l40x_rtc.o(i.RTC_EnableWakeUp), (120 bytes).
    Removing n32l40x_rtc.o(i.RTC_EnableWakeUpTsc), (60 bytes).
    Removing n32l40x_rtc.o(i.RTC_EnableWriteProtection), (28 bytes).
    Removing n32l40x_rtc.o(i.RTC_EnterInitMode), (80 bytes).
    Removing n32l40x_rtc.o(i.RTC_ExitInitMode), (20 bytes).
    Removing n32l40x_rtc.o(i.RTC_GetAlarm), (116 bytes).
    Removing n32l40x_rtc.o(i.RTC_GetAlarmSubSecond), (36 bytes).
    Removing n32l40x_rtc.o(i.RTC_GetDate), (76 bytes).
    Removing n32l40x_rtc.o(i.RTC_GetFlagStatus), (40 bytes).
    Removing n32l40x_rtc.o(i.RTC_GetITStatus), (84 bytes).
    Removing n32l40x_rtc.o(i.RTC_GetStoreOperation), (16 bytes).
    Removing n32l40x_rtc.o(i.RTC_GetSubSecond), (12 bytes).
    Removing n32l40x_rtc.o(i.RTC_GetTime), (80 bytes).
    Removing n32l40x_rtc.o(i.RTC_GetTimeStamp), (156 bytes).
    Removing n32l40x_rtc.o(i.RTC_GetTimeStampSubSecond), (12 bytes).
    Removing n32l40x_rtc.o(i.RTC_GetWakeUpCounter), (12 bytes).
    Removing n32l40x_rtc.o(i.RTC_Init), (116 bytes).
    Removing n32l40x_rtc.o(i.RTC_SetAlarm), (236 bytes).
    Removing n32l40x_rtc.o(i.RTC_SetDate), (204 bytes).
    Removing n32l40x_rtc.o(i.RTC_SetWakeUpCounter), (28 bytes).
    Removing n32l40x_rtc.o(i.RTC_StructInit), (14 bytes).
    Removing n32l40x_rtc.o(i.RTC_TamperCmd), (32 bytes).
    Removing n32l40x_rtc.o(i.RTC_TamperFilterConfig), (28 bytes).
    Removing n32l40x_rtc.o(i.RTC_TamperIECmd), (32 bytes).
    Removing n32l40x_rtc.o(i.RTC_TamperPinsPrechargeDuration), (28 bytes).
    Removing n32l40x_rtc.o(i.RTC_TamperPullUpCmd), (36 bytes).
    Removing n32l40x_rtc.o(i.RTC_TamperSamplingFreqConfig), (28 bytes).
    Removing n32l40x_rtc.o(i.RTC_TamperTAMPTSCmd), (36 bytes).
    Removing n32l40x_rtc.o(i.RTC_TamperTriggerConfig), (36 bytes).
    Removing n32l40x_rtc.o(i.RTC_TimeStampOnTamperDetectionCmd), (36 bytes).
    Removing n32l40x_rtc.o(i.RTC_TimeStructInit), (12 bytes).
    Removing n32l40x_usart.o(.rev16_text), (4 bytes).
    Removing n32l40x_usart.o(.revsh_text), (4 bytes).
    Removing n32l40x_usart.o(.rrx_text), (6 bytes).
    Removing n32l40x_usart.o(i.USART_ClockInit), (34 bytes).
    Removing n32l40x_usart.o(i.USART_ClockStructInit), (12 bytes).
    Removing n32l40x_usart.o(i.USART_ClrFlag), (18 bytes).
    Removing n32l40x_usart.o(i.USART_ClrIntPendingBit), (30 bytes).
    Removing n32l40x_usart.o(i.USART_ConfigInt), (74 bytes).
    Removing n32l40x_usart.o(i.USART_ConfigIrDAMode), (18 bytes).
    Removing n32l40x_usart.o(i.USART_ConfigLINBreakDetectLength), (18 bytes).
    Removing n32l40x_usart.o(i.USART_ConfigWakeUpMode), (18 bytes).
    Removing n32l40x_usart.o(i.USART_DeInit), (156 bytes).
    Removing n32l40x_usart.o(i.USART_EnableDMA), (18 bytes).
    Removing n32l40x_usart.o(i.USART_EnableHalfDuplex), (24 bytes).
    Removing n32l40x_usart.o(i.USART_EnableIrDA), (24 bytes).
    Removing n32l40x_usart.o(i.USART_EnableLIN), (24 bytes).
    Removing n32l40x_usart.o(i.USART_EnableRcvWakeUp), (24 bytes).
    Removing n32l40x_usart.o(i.USART_EnableSmartCard), (24 bytes).
    Removing n32l40x_usart.o(i.USART_GetIntStatus), (84 bytes).
    Removing n32l40x_usart.o(i.USART_ReceiveData), (10 bytes).
    Removing n32l40x_usart.o(i.USART_SendBreak), (10 bytes).
    Removing n32l40x_usart.o(i.USART_SetAddr), (18 bytes).
    Removing n32l40x_usart.o(i.USART_SetGuardTime), (16 bytes).
    Removing n32l40x_usart.o(i.USART_SetPrescaler), (16 bytes).
    Removing n32l40x_usart.o(i.USART_SetSmartCardNACK), (24 bytes).
    Removing n32l40x_usart.o(i.USART_StructInit), (24 bytes).
    Removing dadd.o(.text), (334 bytes).
    Removing dmul.o(.text), (228 bytes).
    Removing ddiv.o(.text), (222 bytes).
    Removing dfixul.o(.text), (48 bytes).
    Removing cdrcmple.o(.text), (48 bytes).
    Removing depilogue.o(.text), (186 bytes).

260 unused section(s) (total 13212 bytes) removed from the image.

==============================================================================

Image Symbol Table

    Local Symbols

    Symbol Name                              Value     Ov Type        Size  Object(Section)

    ../clib/microlib/division.c              0x00000000   Number         0  uldiv.o ABSOLUTE
    ../clib/microlib/division.c              0x00000000   Number         0  uidiv.o ABSOLUTE
    ../clib/microlib/init/entry.s            0x00000000   Number         0  entry10a.o ABSOLUTE
    ../clib/microlib/init/entry.s            0x00000000   Number         0  entry9a.o ABSOLUTE
    ../clib/microlib/init/entry.s            0x00000000   Number         0  entry8a.o ABSOLUTE
    ../clib/microlib/init/entry.s            0x00000000   Number         0  entry2.o ABSOLUTE
    ../clib/microlib/init/entry.s            0x00000000   Number         0  entry5.o ABSOLUTE
    ../clib/microlib/init/entry.s            0x00000000   Number         0  entry11a.o ABSOLUTE
    ../clib/microlib/init/entry.s            0x00000000   Number         0  entry10b.o ABSOLUTE
    ../clib/microlib/init/entry.s            0x00000000   Number         0  entry8b.o ABSOLUTE
    ../clib/microlib/init/entry.s            0x00000000   Number         0  entry9b.o ABSOLUTE
    ../clib/microlib/init/entry.s            0x00000000   Number         0  entry.o ABSOLUTE
    ../clib/microlib/init/entry.s            0x00000000   Number         0  entry7a.o ABSOLUTE
    ../clib/microlib/init/entry.s            0x00000000   Number         0  entry7b.o ABSOLUTE
    ../clib/microlib/init/entry.s            0x00000000   Number         0  entry11b.o ABSOLUTE
    ../clib/microlib/longlong.c              0x00000000   Number         0  llsshr.o ABSOLUTE
    ../clib/microlib/longlong.c              0x00000000   Number         0  llushr.o ABSOLUTE
    ../clib/microlib/longlong.c              0x00000000   Number         0  llshl.o ABSOLUTE
    ../clib/microlib/printf/printf.c         0x00000000   Number         0  printf7.o ABSOLUTE
    ../clib/microlib/printf/printf.c         0x00000000   Number         0  printfa.o ABSOLUTE
    ../clib/microlib/printf/printf.c         0x00000000   Number         0  printf8.o ABSOLUTE
    ../clib/microlib/printf/printf.c         0x00000000   Number         0  printfb.o ABSOLUTE
    ../clib/microlib/printf/printf.c         0x00000000   Number         0  printf0.o ABSOLUTE
    ../clib/microlib/printf/printf.c         0x00000000   Number         0  printf1.o ABSOLUTE
    ../clib/microlib/printf/printf.c         0x00000000   Number         0  printf2.o ABSOLUTE
    ../clib/microlib/printf/printf.c         0x00000000   Number         0  printf3.o ABSOLUTE
    ../clib/microlib/printf/printf.c         0x00000000   Number         0  printf6.o ABSOLUTE
    ../clib/microlib/printf/printf.c         0x00000000   Number         0  printf4.o ABSOLUTE
    ../clib/microlib/printf/printf.c         0x00000000   Number         0  printf5.o ABSOLUTE
    ../clib/microlib/printf/stubs.s          0x00000000   Number         0  stubs.o ABSOLUTE
    ../clib/microlib/stdio/streams.c         0x00000000   Number         0  stdout.o ABSOLUTE
    ../clib/microlib/stubs.s                 0x00000000   Number         0  iusefp.o ABSOLUTE
    ../fplib/microlib/fpadd.c                0x00000000   Number         0  dadd.o ABSOLUTE
    ../fplib/microlib/fpdiv.c                0x00000000   Number         0  ddiv.o ABSOLUTE
    ../fplib/microlib/fpepilogue.c           0x00000000   Number         0  depilogue.o ABSOLUTE
    ../fplib/microlib/fpfix.c                0x00000000   Number         0  dfixul.o ABSOLUTE
    ../fplib/microlib/fpmul.c                0x00000000   Number         0  dmul.o ABSOLUTE
    ..\..\..\..\..\..\firmware\CMSIS\device\startup\startup_n32l40x.s 0x00000000   Number         0  startup_n32l40x.o ABSOLUTE
    ..\..\..\..\..\..\firmware\CMSIS\device\system_n32l40x.c 0x00000000   Number         0  system_n32l40x.o ABSOLUTE
    ..\..\..\..\..\..\firmware\n32l40x_std_periph_driver\src\misc.c 0x00000000   Number         0  misc.o ABSOLUTE
    ..\..\..\..\..\..\firmware\n32l40x_std_periph_driver\src\n32l40x_exti.c 0x00000000   Number         0  n32l40x_exti.o ABSOLUTE
    ..\..\..\..\..\..\firmware\n32l40x_std_periph_driver\src\n32l40x_flash.c 0x00000000   Number         0  n32l40x_flash.o ABSOLUTE
    ..\..\..\..\..\..\firmware\n32l40x_std_periph_driver\src\n32l40x_gpio.c 0x00000000   Number         0  n32l40x_gpio.o ABSOLUTE
    ..\..\..\..\..\..\firmware\n32l40x_std_periph_driver\src\n32l40x_pwr.c 0x00000000   Number         0  n32l40x_pwr.o ABSOLUTE
    ..\..\..\..\..\..\firmware\n32l40x_std_periph_driver\src\n32l40x_rcc.c 0x00000000   Number         0  n32l40x_rcc.o ABSOLUTE
    ..\..\..\..\..\..\firmware\n32l40x_std_periph_driver\src\n32l40x_rtc.c 0x00000000   Number         0  n32l40x_rtc.o ABSOLUTE
    ..\..\..\..\..\..\firmware\n32l40x_std_periph_driver\src\n32l40x_usart.c 0x00000000   Number         0  n32l40x_usart.o ABSOLUTE
    ..\..\..\..\bsp\src\log.c                0x00000000   Number         0  log.o ABSOLUTE
    ..\\..\\..\\..\\..\\..\\firmware\\CMSIS\\device\\system_n32l40x.c 0x00000000   Number         0  system_n32l40x.o ABSOLUTE
    ..\\..\\..\\..\\..\\..\\firmware\\n32l40x_std_periph_driver\\src\\misc.c 0x00000000   Number         0  misc.o ABSOLUTE
    ..\\..\\..\\..\\..\\..\\firmware\\n32l40x_std_periph_driver\\src\\n32l40x_exti.c 0x00000000   Number         0  n32l40x_exti.o ABSOLUTE
    ..\\..\\..\\..\\..\\..\\firmware\\n32l40x_std_periph_driver\\src\\n32l40x_flash.c 0x00000000   Number         0  n32l40x_flash.o ABSOLUTE
    ..\\..\\..\\..\\..\\..\\firmware\\n32l40x_std_periph_driver\\src\\n32l40x_gpio.c 0x00000000   Number         0  n32l40x_gpio.o ABSOLUTE
    ..\\..\\..\\..\\..\\..\\firmware\\n32l40x_std_periph_driver\\src\\n32l40x_pwr.c 0x00000000   Number         0  n32l40x_pwr.o ABSOLUTE
    ..\\..\\..\\..\\..\\..\\firmware\\n32l40x_std_periph_driver\\src\\n32l40x_rcc.c 0x00000000   Number         0  n32l40x_rcc.o ABSOLUTE
    ..\\..\\..\\..\\..\\..\\firmware\\n32l40x_std_periph_driver\\src\\n32l40x_rtc.c 0x00000000   Number         0  n32l40x_rtc.o ABSOLUTE
    ..\\..\\..\\..\\..\\..\\firmware\\n32l40x_std_periph_driver\\src\\n32l40x_usart.c 0x00000000   Number         0  n32l40x_usart.o ABSOLUTE
    ..\\..\\..\\..\\bsp\\src\\log.c          0x00000000   Number         0  log.o ABSOLUTE
    ..\\src\\User_RTCBKP_Config.c            0x00000000   Number         0  user_rtcbkp_config.o ABSOLUTE
    ..\\src\\main.c                          0x00000000   Number         0  main.o ABSOLUTE
    ..\\src\\n32l40x_it.c                    0x00000000   Number         0  n32l40x_it.o ABSOLUTE
    ..\src\User_RTCBKP_Config.c              0x00000000   Number         0  user_rtcbkp_config.o ABSOLUTE
    ..\src\main.c                            0x00000000   Number         0  main.o ABSOLUTE
    ..\src\n32l40x_it.c                      0x00000000   Number         0  n32l40x_it.o ABSOLUTE
    cdrcmple.s                               0x00000000   Number         0  cdrcmple.o ABSOLUTE
    dc.s                                     0x00000000   Number         0  dc.o ABSOLUTE
    handlers.s                               0x00000000   Number         0  handlers.o ABSOLUTE
    init.s                                   0x00000000   Number         0  init.o ABSOLUTE
    RESET                                    0x08000000   Section      328  startup_n32l40x.o(RESET)
    .ARM.Collect$$$$00000000                 0x08000148   Section        0  entry.o(.ARM.Collect$$$$00000000)
    .ARM.Collect$$$$00000001                 0x08000148   Section        4  entry2.o(.ARM.Collect$$$$00000001)
    .ARM.Collect$$$$00000004                 0x0800014c   Section        4  entry5.o(.ARM.Collect$$$$00000004)
    .ARM.Collect$$$$00000008                 0x08000150   Section        0  entry7b.o(.ARM.Collect$$$$00000008)
    .ARM.Collect$$$$0000000A                 0x08000150   Section        0  entry8b.o(.ARM.Collect$$$$0000000A)
    .ARM.Collect$$$$0000000B                 0x08000150   Section        8  entry9a.o(.ARM.Collect$$$$0000000B)
    .ARM.Collect$$$$0000000D                 0x08000158   Section        0  entry10a.o(.ARM.Collect$$$$0000000D)
    .ARM.Collect$$$$0000000F                 0x08000158   Section        0  entry11a.o(.ARM.Collect$$$$0000000F)
    .ARM.Collect$$$$00002712                 0x08000158   Section        4  entry2.o(.ARM.Collect$$$$00002712)
    __lit__00000000                          0x08000158   Data           4  entry2.o(.ARM.Collect$$$$00002712)
    .text                                    0x0800015c   Section       36  startup_n32l40x.o(.text)
    $v0                                      0x0800015c   Number         0  startup_n32l40x.o(.text)
    .text                                    0x08000180   Section        0  uldiv.o(.text)
    .text                                    0x080001e4   Section       36  init.o(.text)
    .text                                    0x08000208   Section        0  llshl.o(.text)
    .text                                    0x08000226   Section        0  llushr.o(.text)
    i.BKP_ReadBkpData                        0x08000248   Section        0  user_rtcbkp_config.o(i.BKP_ReadBkpData)
    i.BKP_WriteBkpData                       0x08000268   Section        0  user_rtcbkp_config.o(i.BKP_WriteBkpData)
    i.BusFault_Handler                       0x08000284   Section        0  n32l40x_it.o(i.BusFault_Handler)
    i.ConfigMRVoltage1V                      0x08000288   Section        0  system_n32l40x.o(i.ConfigMRVoltage1V)
    i.DebugMon_Handler                       0x080002e0   Section        0  n32l40x_it.o(i.DebugMon_Handler)
    i.GPIO_InitPeripheral                    0x080002e4   Section        0  n32l40x_gpio.o(i.GPIO_InitPeripheral)
    i.GPIO_InitStruct                        0x080004cc   Section        0  n32l40x_gpio.o(i.GPIO_InitStruct)
    i.HardFault_Handler                      0x080004e4   Section        0  n32l40x_it.o(i.HardFault_Handler)
    i.MemManage_Handler                      0x080004e8   Section        0  n32l40x_it.o(i.MemManage_Handler)
    i.NMI_Handler                            0x080004ec   Section        0  n32l40x_it.o(i.NMI_Handler)
    i.PWR_BackupAccessEnable                 0x080004f0   Section        0  n32l40x_pwr.o(i.PWR_BackupAccessEnable)
    i.RCC_ConfigLse                          0x080004fc   Section        0  n32l40x_rcc.o(i.RCC_ConfigLse)
    i.RCC_ConfigRtcClk                       0x08000554   Section        0  n32l40x_rcc.o(i.RCC_ConfigRtcClk)
    i.RCC_EnableAPB1PeriphClk                0x08000570   Section        0  n32l40x_rcc.o(i.RCC_EnableAPB1PeriphClk)
    i.RCC_EnableAPB2PeriphClk                0x08000590   Section        0  n32l40x_rcc.o(i.RCC_EnableAPB2PeriphClk)
    i.RCC_EnableLsi                          0x080005b0   Section        0  n32l40x_rcc.o(i.RCC_EnableLsi)
    i.RCC_EnableRtcClk                       0x080005bc   Section        0  n32l40x_rcc.o(i.RCC_EnableRtcClk)
    i.RCC_GetClocksFreqValue                 0x080005c8   Section        0  n32l40x_rcc.o(i.RCC_GetClocksFreqValue)
    i.RCC_GetFlagStatus                      0x0800071c   Section        0  n32l40x_rcc.o(i.RCC_GetFlagStatus)
    i.RTC_WaitForSynchro                     0x08000758   Section        0  n32l40x_rtc.o(i.RTC_WaitForSynchro)
    i.SVC_Handler                            0x080007b8   Section        0  n32l40x_it.o(i.SVC_Handler)
    i.SetSysClock                            0x080007bc   Section        0  system_n32l40x.o(i.SetSysClock)
    SetSysClock                              0x080007bd   Thumb Code   222  system_n32l40x.o(i.SetSysClock)
    i.SysTick_Handler                        0x080008b0   Section        0  n32l40x_it.o(i.SysTick_Handler)
    i.SystemInit                             0x080008b4   Section        0  system_n32l40x.o(i.SystemInit)
    i.USART_Enable                           0x08000998   Section        0  n32l40x_usart.o(i.USART_Enable)
    i.USART_GetFlagStatus                    0x080009b0   Section        0  n32l40x_usart.o(i.USART_GetFlagStatus)
    i.USART_Init                             0x080009cc   Section        0  n32l40x_usart.o(i.USART_Init)
    i.USART_SendData                         0x08000a80   Section        0  n32l40x_usart.o(i.USART_SendData)
    i.UsageFault_Handler                     0x08000a88   Section        0  n32l40x_it.o(i.UsageFault_Handler)
    i.User_RTCBKP_Init                       0x08000a8c   Section        0  user_rtcbkp_config.o(i.User_RTCBKP_Init)
    i.__0printf$5                            0x08000ad0   Section        0  printf5.o(i.__0printf$5)
    i.__scatterload_copy                     0x08000af0   Section       14  handlers.o(i.__scatterload_copy)
    i.__scatterload_null                     0x08000afe   Section        2  handlers.o(i.__scatterload_null)
    i.__scatterload_zeroinit                 0x08000b00   Section       14  handlers.o(i.__scatterload_zeroinit)
    i._printf_core                           0x08000b10   Section        0  printf5.o(i._printf_core)
    _printf_core                             0x08000b11   Thumb Code   658  printf5.o(i._printf_core)
    i.fputc                                  0x08000dd0   Section        0  log.o(i.fputc)
    i.log_init                               0x08000e34   Section        0  log.o(i.log_init)
    i.main                                   0x08000ea8   Section        0  main.o(i.main)
    .constdata                               0x08000f34   Section       92  n32l40x_rcc.o(.constdata)
    s_ApbAhbPresTable                        0x08000f34   Data          16  n32l40x_rcc.o(.constdata)
    s_AdcHclkPresTable                       0x08000f44   Data          16  n32l40x_rcc.o(.constdata)
    s_AdcPllClkPresTable                     0x08000f54   Data          32  n32l40x_rcc.o(.constdata)
    s_msiClockTable                          0x08000f74   Data          28  n32l40x_rcc.o(.constdata)
    .data                                    0x20000000   Section        4  system_n32l40x.o(.data)
    .data                                    0x20000004   Section      120  user_rtcbkp_config.o(.data)
    .data                                    0x2000007c   Section        4  log.o(.data)
    is_lr_sent                               0x2000007c   Data           4  log.o(.data)
    .data                                    0x20000080   Section        4  stdout.o(.data)
    .bss                                     0x20000084   Section       80  user_rtcbkp_config.o(.bss)
    STACK                                    0x200000d8   Section     5376  startup_n32l40x.o(STACK)

    Global Symbols

    Symbol Name                              Value     Ov Type        Size  Object(Section)

    BuildAttributes$$THM_ISAv4$E$P$D$K$B$S$7EM$VFPi3$EXTD16$VFPS$VFMA$PE$A:L22UL41UL21$X:L11$S22US41US21$IEEE1$IW$USESV6$~STKCKD$USESV7$~SHL$OSPACE$ROPI$EBA8$MICROLIB$REQ8$PRES8$EABIv2 0x00000000   Number         0  anon$$obj.o ABSOLUTE
    __ARM_use_no_argv                        0x00000000   Number         0  main.o ABSOLUTE
    _printf_a                                0x00000000   Number         0  stubs.o ABSOLUTE
    _printf_c                                0x00000000   Number         0  stubs.o ABSOLUTE
    _printf_charcount                        0x00000000   Number         0  stubs.o ABSOLUTE
    _printf_d                                0x00000000   Number         0  stubs.o ABSOLUTE
    _printf_e                                0x00000000   Number         0  stubs.o ABSOLUTE
    _printf_f                                0x00000000   Number         0  stubs.o ABSOLUTE
    _printf_flags                            0x00000000   Number         0  stubs.o ABSOLUTE
    _printf_fp_dec                           0x00000000   Number         0  stubs.o ABSOLUTE
    _printf_fp_hex                           0x00000000   Number         0  stubs.o ABSOLUTE
    _printf_g                                0x00000000   Number         0  stubs.o ABSOLUTE
    _printf_i                                0x00000000   Number         0  stubs.o ABSOLUTE
    _printf_int_dec                          0x00000000   Number         0  stubs.o ABSOLUTE
    _printf_l                                0x00000000   Number         0  stubs.o ABSOLUTE
    _printf_lc                               0x00000000   Number         0  stubs.o ABSOLUTE
    _printf_ll                               0x00000000   Number         0  stubs.o ABSOLUTE
    _printf_lld                              0x00000000   Number         0  stubs.o ABSOLUTE
    _printf_lli                              0x00000000   Number         0  stubs.o ABSOLUTE
    _printf_llo                              0x00000000   Number         0  stubs.o ABSOLUTE
    _printf_llu                              0x00000000   Number         0  stubs.o ABSOLUTE
    _printf_llx                              0x00000000   Number         0  stubs.o ABSOLUTE
    _printf_longlong_dec                     0x00000000   Number         0  stubs.o ABSOLUTE
    _printf_longlong_hex                     0x00000000   Number         0  stubs.o ABSOLUTE
    _printf_longlong_oct                     0x00000000   Number         0  stubs.o ABSOLUTE
    _printf_ls                               0x00000000   Number         0  stubs.o ABSOLUTE
    _printf_mbtowc                           0x00000000   Number         0  stubs.o ABSOLUTE
    _printf_n                                0x00000000   Number         0  stubs.o ABSOLUTE
    _printf_o                                0x00000000   Number         0  stubs.o ABSOLUTE
    _printf_p                                0x00000000   Number         0  stubs.o ABSOLUTE
    _printf_percent                          0x00000000   Number         0  stubs.o ABSOLUTE
    _printf_pre_padding                      0x00000000   Number         0  stubs.o ABSOLUTE
    _printf_return_value                     0x00000000   Number         0  stubs.o ABSOLUTE
    _printf_s                                0x00000000   Number         0  stubs.o ABSOLUTE
    _printf_sizespec                         0x00000000   Number         0  stubs.o ABSOLUTE
    _printf_str                              0x00000000   Number         0  stubs.o ABSOLUTE
    _printf_truncate_signed                  0x00000000   Number         0  stubs.o ABSOLUTE
    _printf_truncate_unsigned                0x00000000   Number         0  stubs.o ABSOLUTE
    _printf_u                                0x00000000   Number         0  stubs.o ABSOLUTE
    _printf_wc                               0x00000000   Number         0  stubs.o ABSOLUTE
    _printf_wctomb                           0x00000000   Number         0  stubs.o ABSOLUTE
    _printf_widthprec                        0x00000000   Number         0  stubs.o ABSOLUTE
    _printf_x                                0x00000000   Number         0  stubs.o ABSOLUTE
    __cpp_initialize__aeabi_                  - Undefined Weak Reference
    __cxa_finalize                            - Undefined Weak Reference
    __decompress                              - Undefined Weak Reference
    _clock_init                               - Undefined Weak Reference
    _microlib_exit                            - Undefined Weak Reference
    __Vectors_Size                           0x00000148   Number         0  startup_n32l40x.o ABSOLUTE
    __Vectors                                0x08000000   Data           4  startup_n32l40x.o(RESET)
    __Vectors_End                            0x08000148   Data           0  startup_n32l40x.o(RESET)
    __main                                   0x08000149   Thumb Code     0  entry.o(.ARM.Collect$$$$00000000)
    _main_stk                                0x08000149   Thumb Code     0  entry2.o(.ARM.Collect$$$$00000001)
    _main_scatterload                        0x0800014d   Thumb Code     0  entry5.o(.ARM.Collect$$$$00000004)
    __main_after_scatterload                 0x08000151   Thumb Code     0  entry5.o(.ARM.Collect$$$$00000004)
    _main_clock                              0x08000151   Thumb Code     0  entry7b.o(.ARM.Collect$$$$00000008)
    _main_cpp_init                           0x08000151   Thumb Code     0  entry8b.o(.ARM.Collect$$$$0000000A)
    _main_init                               0x08000151   Thumb Code     0  entry9a.o(.ARM.Collect$$$$0000000B)
    __rt_final_cpp                           0x08000159   Thumb Code     0  entry10a.o(.ARM.Collect$$$$0000000D)
    __rt_final_exit                          0x08000159   Thumb Code     0  entry11a.o(.ARM.Collect$$$$0000000F)
    Reset_Handler                            0x0800015d   Thumb Code     8  startup_n32l40x.o(.text)
    PendSV_Handler                           0x08000173   Thumb Code     2  startup_n32l40x.o(.text)
    ADC_IRQHandler                           0x08000177   Thumb Code     0  startup_n32l40x.o(.text)
    CAN_RX0_IRQHandler                       0x08000177   Thumb Code     0  startup_n32l40x.o(.text)
    CAN_RX1_IRQHandler                       0x08000177   Thumb Code     0  startup_n32l40x.o(.text)
    CAN_SCE_IRQHandler                       0x08000177   Thumb Code     0  startup_n32l40x.o(.text)
    CAN_TX_IRQHandler                        0x08000177   Thumb Code     0  startup_n32l40x.o(.text)
    COMP_1_2_IRQHandler                      0x08000177   Thumb Code     0  startup_n32l40x.o(.text)
    DMA_Channel1_IRQHandler                  0x08000177   Thumb Code     0  startup_n32l40x.o(.text)
    DMA_Channel2_IRQHandler                  0x08000177   Thumb Code     0  startup_n32l40x.o(.text)
    DMA_Channel3_IRQHandler                  0x08000177   Thumb Code     0  startup_n32l40x.o(.text)
    DMA_Channel4_IRQHandler                  0x08000177   Thumb Code     0  startup_n32l40x.o(.text)
    DMA_Channel5_IRQHandler                  0x08000177   Thumb Code     0  startup_n32l40x.o(.text)
    DMA_Channel6_IRQHandler                  0x08000177   Thumb Code     0  startup_n32l40x.o(.text)
    DMA_Channel7_IRQHandler                  0x08000177   Thumb Code     0  startup_n32l40x.o(.text)
    DMA_Channel8_IRQHandler                  0x08000177   Thumb Code     0  startup_n32l40x.o(.text)
    EXTI0_IRQHandler                         0x08000177   Thumb Code     0  startup_n32l40x.o(.text)
    EXTI15_10_IRQHandler                     0x08000177   Thumb Code     0  startup_n32l40x.o(.text)
    EXTI1_IRQHandler                         0x08000177   Thumb Code     0  startup_n32l40x.o(.text)
    EXTI2_IRQHandler                         0x08000177   Thumb Code     0  startup_n32l40x.o(.text)
    EXTI3_IRQHandler                         0x08000177   Thumb Code     0  startup_n32l40x.o(.text)
    EXTI4_IRQHandler                         0x08000177   Thumb Code     0  startup_n32l40x.o(.text)
    EXTI9_5_IRQHandler                       0x08000177   Thumb Code     0  startup_n32l40x.o(.text)
    FLASH_IRQHandler                         0x08000177   Thumb Code     0  startup_n32l40x.o(.text)
    I2C1_ER_IRQHandler                       0x08000177   Thumb Code     0  startup_n32l40x.o(.text)
    I2C1_EV_IRQHandler                       0x08000177   Thumb Code     0  startup_n32l40x.o(.text)
    I2C2_ER_IRQHandler                       0x08000177   Thumb Code     0  startup_n32l40x.o(.text)
    I2C2_EV_IRQHandler                       0x08000177   Thumb Code     0  startup_n32l40x.o(.text)
    LCD_IRQHandler                           0x08000177   Thumb Code     0  startup_n32l40x.o(.text)
    LPTIM_WKUP_IRQHandler                    0x08000177   Thumb Code     0  startup_n32l40x.o(.text)
    LPUART_IRQHandler                        0x08000177   Thumb Code     0  startup_n32l40x.o(.text)
    LPUART_WKUP_IRQHandler                   0x08000177   Thumb Code     0  startup_n32l40x.o(.text)
    MMU_IRQHandler                           0x08000177   Thumb Code     0  startup_n32l40x.o(.text)
    PVD_IRQHandler                           0x08000177   Thumb Code     0  startup_n32l40x.o(.text)
    RAMC_PERR_IRQHandler                     0x08000177   Thumb Code     0  startup_n32l40x.o(.text)
    RCC_IRQHandler                           0x08000177   Thumb Code     0  startup_n32l40x.o(.text)
    RTCAlarm_IRQHandler                      0x08000177   Thumb Code     0  startup_n32l40x.o(.text)
    RTC_WKUP_IRQHandler                      0x08000177   Thumb Code     0  startup_n32l40x.o(.text)
    SAC_IRQHandler                           0x08000177   Thumb Code     0  startup_n32l40x.o(.text)
    SPI1_IRQHandler                          0x08000177   Thumb Code     0  startup_n32l40x.o(.text)
    SPI2_IRQHandler                          0x08000177   Thumb Code     0  startup_n32l40x.o(.text)
    TAMPER_IRQHandler                        0x08000177   Thumb Code     0  startup_n32l40x.o(.text)
    TIM1_BRK_IRQHandler                      0x08000177   Thumb Code     0  startup_n32l40x.o(.text)
    TIM1_CC_IRQHandler                       0x08000177   Thumb Code     0  startup_n32l40x.o(.text)
    TIM1_TRG_COM_IRQHandler                  0x08000177   Thumb Code     0  startup_n32l40x.o(.text)
    TIM1_UP_IRQHandler                       0x08000177   Thumb Code     0  startup_n32l40x.o(.text)
    TIM2_IRQHandler                          0x08000177   Thumb Code     0  startup_n32l40x.o(.text)
    TIM3_IRQHandler                          0x08000177   Thumb Code     0  startup_n32l40x.o(.text)
    TIM4_IRQHandler                          0x08000177   Thumb Code     0  startup_n32l40x.o(.text)
    TIM5_IRQHandler                          0x08000177   Thumb Code     0  startup_n32l40x.o(.text)
    TIM6_IRQHandler                          0x08000177   Thumb Code     0  startup_n32l40x.o(.text)
    TIM7_IRQHandler                          0x08000177   Thumb Code     0  startup_n32l40x.o(.text)
    TIM8_BRK_IRQHandler                      0x08000177   Thumb Code     0  startup_n32l40x.o(.text)
    TIM8_CC_IRQHandler                       0x08000177   Thumb Code     0  startup_n32l40x.o(.text)
    TIM8_TRG_COM_IRQHandler                  0x08000177   Thumb Code     0  startup_n32l40x.o(.text)
    TIM8_UP_IRQHandler                       0x08000177   Thumb Code     0  startup_n32l40x.o(.text)
    TIM9_IRQHandler                          0x08000177   Thumb Code     0  startup_n32l40x.o(.text)
    TSC_IRQHandler                           0x08000177   Thumb Code     0  startup_n32l40x.o(.text)
    UART4_IRQHandler                         0x08000177   Thumb Code     0  startup_n32l40x.o(.text)
    UART5_IRQHandler                         0x08000177   Thumb Code     0  startup_n32l40x.o(.text)
    UCDR_IRQHandler                          0x08000177   Thumb Code     0  startup_n32l40x.o(.text)
    USART1_IRQHandler                        0x08000177   Thumb Code     0  startup_n32l40x.o(.text)
    USART2_IRQHandler                        0x08000177   Thumb Code     0  startup_n32l40x.o(.text)
    USART3_IRQHandler                        0x08000177   Thumb Code     0  startup_n32l40x.o(.text)
    USBWakeUp_IRQHandler                     0x08000177   Thumb Code     0  startup_n32l40x.o(.text)
    USB_HP_IRQHandler                        0x08000177   Thumb Code     0  startup_n32l40x.o(.text)
    USB_LP_IRQHandler                        0x08000177   Thumb Code     0  startup_n32l40x.o(.text)
    WWDG_IRQHandler                          0x08000177   Thumb Code     0  startup_n32l40x.o(.text)
    __aeabi_uldivmod                         0x08000181   Thumb Code    98  uldiv.o(.text)
    __scatterload                            0x080001e5   Thumb Code    28  init.o(.text)
    __scatterload_rt2                        0x080001e5   Thumb Code     0  init.o(.text)
    __aeabi_llsl                             0x08000209   Thumb Code    30  llshl.o(.text)
    _ll_shift_l                              0x08000209   Thumb Code     0  llshl.o(.text)
    __aeabi_llsr                             0x08000227   Thumb Code    32  llushr.o(.text)
    _ll_ushift_r                             0x08000227   Thumb Code     0  llushr.o(.text)
    BKP_ReadBkpData                          0x08000249   Thumb Code    26  user_rtcbkp_config.o(i.BKP_ReadBkpData)
    BKP_WriteBkpData                         0x08000269   Thumb Code    22  user_rtcbkp_config.o(i.BKP_WriteBkpData)
    BusFault_Handler                         0x08000285   Thumb Code     4  n32l40x_it.o(i.BusFault_Handler)
    ConfigMRVoltage1V                        0x08000289   Thumb Code    78  system_n32l40x.o(i.ConfigMRVoltage1V)
    DebugMon_Handler                         0x080002e1   Thumb Code     2  n32l40x_it.o(i.DebugMon_Handler)
    GPIO_InitPeripheral                      0x080002e5   Thumb Code   484  n32l40x_gpio.o(i.GPIO_InitPeripheral)
    GPIO_InitStruct                          0x080004cd   Thumb Code    24  n32l40x_gpio.o(i.GPIO_InitStruct)
    HardFault_Handler                        0x080004e5   Thumb Code     4  n32l40x_it.o(i.HardFault_Handler)
    MemManage_Handler                        0x080004e9   Thumb Code     4  n32l40x_it.o(i.MemManage_Handler)
    NMI_Handler                              0x080004ed   Thumb Code     2  n32l40x_it.o(i.NMI_Handler)
    PWR_BackupAccessEnable                   0x080004f1   Thumb Code     6  n32l40x_pwr.o(i.PWR_BackupAccessEnable)
    RCC_ConfigLse                            0x080004fd   Thumb Code    80  n32l40x_rcc.o(i.RCC_ConfigLse)
    RCC_ConfigRtcClk                         0x08000555   Thumb Code    22  n32l40x_rcc.o(i.RCC_ConfigRtcClk)
    RCC_EnableAPB1PeriphClk                  0x08000571   Thumb Code    26  n32l40x_rcc.o(i.RCC_EnableAPB1PeriphClk)
    RCC_EnableAPB2PeriphClk                  0x08000591   Thumb Code    26  n32l40x_rcc.o(i.RCC_EnableAPB2PeriphClk)
    RCC_EnableLsi                            0x080005b1   Thumb Code     6  n32l40x_rcc.o(i.RCC_EnableLsi)
    RCC_EnableRtcClk                         0x080005bd   Thumb Code     6  n32l40x_rcc.o(i.RCC_EnableRtcClk)
    RCC_GetClocksFreqValue                   0x080005c9   Thumb Code   302  n32l40x_rcc.o(i.RCC_GetClocksFreqValue)
    RCC_GetFlagStatus                        0x0800071d   Thumb Code    56  n32l40x_rcc.o(i.RCC_GetFlagStatus)
    RTC_WaitForSynchro                       0x08000759   Thumb Code    92  n32l40x_rtc.o(i.RTC_WaitForSynchro)
    SVC_Handler                              0x080007b9   Thumb Code     2  n32l40x_it.o(i.SVC_Handler)
    SysTick_Handler                          0x080008b1   Thumb Code     2  n32l40x_it.o(i.SysTick_Handler)
    SystemInit                               0x080008b5   Thumb Code   190  system_n32l40x.o(i.SystemInit)
    USART_Enable                             0x08000999   Thumb Code    24  n32l40x_usart.o(i.USART_Enable)
    USART_GetFlagStatus                      0x080009b1   Thumb Code    26  n32l40x_usart.o(i.USART_GetFlagStatus)
    USART_Init                               0x080009cd   Thumb Code   168  n32l40x_usart.o(i.USART_Init)
    USART_SendData                           0x08000a81   Thumb Code     8  n32l40x_usart.o(i.USART_SendData)
    UsageFault_Handler                       0x08000a89   Thumb Code     4  n32l40x_it.o(i.UsageFault_Handler)
    User_RTCBKP_Init                         0x08000a8d   Thumb Code    66  user_rtcbkp_config.o(i.User_RTCBKP_Init)
    __0printf$5                              0x08000ad1   Thumb Code    22  printf5.o(i.__0printf$5)
    __1printf$5                              0x08000ad1   Thumb Code     0  printf5.o(i.__0printf$5)
    __2printf                                0x08000ad1   Thumb Code     0  printf5.o(i.__0printf$5)
    __scatterload_copy                       0x08000af1   Thumb Code    14  handlers.o(i.__scatterload_copy)
    __scatterload_null                       0x08000aff   Thumb Code     2  handlers.o(i.__scatterload_null)
    __scatterload_zeroinit                   0x08000b01   Thumb Code    14  handlers.o(i.__scatterload_zeroinit)
    fputc                                    0x08000dd1   Thumb Code    90  log.o(i.fputc)
    log_init                                 0x08000e35   Thumb Code   106  log.o(i.log_init)
    main                                     0x08000ea9   Thumb Code    90  main.o(i.main)
    Region$$Table$$Base                      0x08000f90   Number         0  anon$$obj.o(Region$$Table)
    Region$$Table$$Limit                     0x08000fb0   Number         0  anon$$obj.o(Region$$Table)
    SystemCoreClock                          0x20000000   Data           4  system_n32l40x.o(.data)
    Write_Backup_Datas                       0x20000004   Data          80  user_rtcbkp_config.o(.data)
    BKP_Datas                                0x20000054   Data          40  user_rtcbkp_config.o(.data)
    __stdout                                 0x20000080   Data           4  stdout.o(.data)
    Read_Backup_Datas                        0x20000084   Data          80  user_rtcbkp_config.o(.bss)
    __initial_sp                             0x200015d8   Data           0  startup_n32l40x.o(STACK)



==============================================================================

Memory Map of the image

  Image Entry point : 0x08000149

  Load Region LR_IROM1 (Base: 0x08000000, Size: 0x00001034, Max: 0x00020000, ABSOLUTE)

    Execution Region ER_IROM1 (Exec base: 0x08000000, Load base: 0x08000000, Size: 0x00000fb0, Max: 0x00020000, ABSOLUTE)

    Exec Addr    Load Addr    Size         Type   Attr      Idx    E Section Name        Object

    0x08000000   0x08000000   0x00000148   Data   RO            3    RESET               startup_n32l40x.o
    0x08000148   0x08000148   0x00000000   Code   RO         1858  * .ARM.Collect$$$$00000000  mc_w.l(entry.o)
    0x08000148   0x08000148   0x00000004   Code   RO         2122    .ARM.Collect$$$$00000001  mc_w.l(entry2.o)
    0x0800014c   0x0800014c   0x00000004   Code   RO         2125    .ARM.Collect$$$$00000004  mc_w.l(entry5.o)
    0x08000150   0x08000150   0x00000000   Code   RO         2127    .ARM.Collect$$$$00000008  mc_w.l(entry7b.o)
    0x08000150   0x08000150   0x00000000   Code   RO         2129    .ARM.Collect$$$$0000000A  mc_w.l(entry8b.o)
    0x08000150   0x08000150   0x00000008   Code   RO         2130    .ARM.Collect$$$$0000000B  mc_w.l(entry9a.o)
    0x08000158   0x08000158   0x00000000   Code   RO         2132    .ARM.Collect$$$$0000000D  mc_w.l(entry10a.o)
    0x08000158   0x08000158   0x00000000   Code   RO         2134    .ARM.Collect$$$$0000000F  mc_w.l(entry11a.o)
    0x08000158   0x08000158   0x00000004   Code   RO         2123    .ARM.Collect$$$$00002712  mc_w.l(entry2.o)
    0x0800015c   0x0800015c   0x00000024   Code   RO            4    .text               startup_n32l40x.o
    0x08000180   0x08000180   0x00000062   Code   RO         2139    .text               mc_w.l(uldiv.o)
    0x080001e2   0x080001e2   0x00000002   PAD
    0x080001e4   0x080001e4   0x00000024   Code   RO         2152    .text               mc_w.l(init.o)
    0x08000208   0x08000208   0x0000001e   Code   RO         2154    .text               mc_w.l(llshl.o)
    0x08000226   0x08000226   0x00000020   Code   RO         2156    .text               mc_w.l(llushr.o)
    0x08000246   0x08000246   0x00000002   PAD
    0x08000248   0x08000248   0x00000020   Code   RO          280    i.BKP_ReadBkpData   user_rtcbkp_config.o
    0x08000268   0x08000268   0x0000001c   Code   RO          281    i.BKP_WriteBkpData  user_rtcbkp_config.o
    0x08000284   0x08000284   0x00000004   Code   RO          204    i.BusFault_Handler  n32l40x_it.o
    0x08000288   0x08000288   0x00000058   Code   RO           13    i.ConfigMRVoltage1V  system_n32l40x.o
    0x080002e0   0x080002e0   0x00000002   Code   RO          206    i.DebugMon_Handler  n32l40x_it.o
    0x080002e2   0x080002e2   0x00000002   PAD
    0x080002e4   0x080002e4   0x000001e8   Code   RO          706    i.GPIO_InitPeripheral  n32l40x_gpio.o
    0x080004cc   0x080004cc   0x00000018   Code   RO          707    i.GPIO_InitStruct   n32l40x_gpio.o
    0x080004e4   0x080004e4   0x00000004   Code   RO          207    i.HardFault_Handler  n32l40x_it.o
    0x080004e8   0x080004e8   0x00000004   Code   RO          208    i.MemManage_Handler  n32l40x_it.o
    0x080004ec   0x080004ec   0x00000002   Code   RO          209    i.NMI_Handler       n32l40x_it.o
    0x080004ee   0x080004ee   0x00000002   PAD
    0x080004f0   0x080004f0   0x0000000c   Code   RO          836    i.PWR_BackupAccessEnable  n32l40x_pwr.o
    0x080004fc   0x080004fc   0x00000058   Code   RO          962    i.RCC_ConfigLse     n32l40x_rcc.o
    0x08000554   0x08000554   0x0000001c   Code   RO          970    i.RCC_ConfigRtcClk  n32l40x_rcc.o
    0x08000570   0x08000570   0x00000020   Code   RO          982    i.RCC_EnableAPB1PeriphClk  n32l40x_rcc.o
    0x08000590   0x08000590   0x00000020   Code   RO          984    i.RCC_EnableAPB2PeriphClk  n32l40x_rcc.o
    0x080005b0   0x080005b0   0x0000000c   Code   RO          990    i.RCC_EnableLsi     n32l40x_rcc.o
    0x080005bc   0x080005bc   0x0000000c   Code   RO          995    i.RCC_EnableRtcClk  n32l40x_rcc.o
    0x080005c8   0x080005c8   0x00000154   Code   RO          997    i.RCC_GetClocksFreqValue  n32l40x_rcc.o
    0x0800071c   0x0800071c   0x0000003c   Code   RO          998    i.RCC_GetFlagStatus  n32l40x_rcc.o
    0x08000758   0x08000758   0x00000060   Code   RO         1394    i.RTC_WaitForSynchro  n32l40x_rtc.o
    0x080007b8   0x080007b8   0x00000002   Code   RO          210    i.SVC_Handler       n32l40x_it.o
    0x080007ba   0x080007ba   0x00000002   PAD
    0x080007bc   0x080007bc   0x000000f4   Code   RO           14    i.SetSysClock       system_n32l40x.o
    0x080008b0   0x080008b0   0x00000002   Code   RO          211    i.SysTick_Handler   n32l40x_it.o
    0x080008b2   0x080008b2   0x00000002   PAD
    0x080008b4   0x080008b4   0x000000e4   Code   RO           16    i.SystemInit        system_n32l40x.o
    0x08000998   0x08000998   0x00000018   Code   RO         1690    i.USART_Enable      n32l40x_usart.o
    0x080009b0   0x080009b0   0x0000001a   Code   RO         1697    i.USART_GetFlagStatus  n32l40x_usart.o
    0x080009ca   0x080009ca   0x00000002   PAD
    0x080009cc   0x080009cc   0x000000b4   Code   RO         1699    i.USART_Init        n32l40x_usart.o
    0x08000a80   0x08000a80   0x00000008   Code   RO         1702    i.USART_SendData    n32l40x_usart.o
    0x08000a88   0x08000a88   0x00000004   Code   RO          212    i.UsageFault_Handler  n32l40x_it.o
    0x08000a8c   0x08000a8c   0x00000042   Code   RO          282    i.User_RTCBKP_Init  user_rtcbkp_config.o
    0x08000ace   0x08000ace   0x00000002   PAD
    0x08000ad0   0x08000ad0   0x00000020   Code   RO         1994    i.__0printf$5       mc_w.l(printf5.o)
    0x08000af0   0x08000af0   0x0000000e   Code   RO         2164    i.__scatterload_copy  mc_w.l(handlers.o)
    0x08000afe   0x08000afe   0x00000002   Code   RO         2165    i.__scatterload_null  mc_w.l(handlers.o)
    0x08000b00   0x08000b00   0x0000000e   Code   RO         2166    i.__scatterload_zeroinit  mc_w.l(handlers.o)
    0x08000b0e   0x08000b0e   0x00000002   PAD
    0x08000b10   0x08000b10   0x000002c0   Code   RO         2001    i._printf_core      mc_w.l(printf5.o)
    0x08000dd0   0x08000dd0   0x00000064   Code   RO          323    i.fputc             log.o
    0x08000e34   0x08000e34   0x00000074   Code   RO          324    i.log_init          log.o
    0x08000ea8   0x08000ea8   0x0000008c   Code   RO          162    i.main              main.o
    0x08000f34   0x08000f34   0x0000005c   Data   RO         1011    .constdata          n32l40x_rcc.o
    0x08000f90   0x08000f90   0x00000020   Data   RO         2162    Region$$Table       anon$$obj.o


    Execution Region RW_IRAM1 (Exec base: 0x20000000, Load base: 0x08000fb0, Size: 0x000015d8, Max: 0x00008000, ABSOLUTE)

    Exec Addr    Load Addr    Size         Type   Attr      Idx    E Section Name        Object

    0x20000000   0x08000fb0   0x00000004   Data   RW           18    .data               system_n32l40x.o
    0x20000004   0x08000fb4   0x00000078   Data   RW          284    .data               user_rtcbkp_config.o
    0x2000007c   0x0800102c   0x00000004   Data   RW          325    .data               log.o
    0x20000080   0x08001030   0x00000004   Data   RW         2136    .data               mc_w.l(stdout.o)
    0x20000084        -       0x00000050   Zero   RW          283    .bss                user_rtcbkp_config.o
    0x200000d4   0x08001034   0x00000004   PAD
    0x200000d8        -       0x00001500   Zero   RW            1    STACK               startup_n32l40x.o


==============================================================================

Image component sizes


      Code (inc. data)   RO Data    RW Data    ZI Data      Debug   Object Name

       216         20          0          4          0       1723   log.o
       140         50          0          0          0       1871   main.o
       512          4          0          0          0       2948   n32l40x_gpio.o
        24          0          0          0          0       4293   n32l40x_it.o
        12          6          0          0          0        689   n32l40x_pwr.o
       604         80         92          0          0      10831   n32l40x_rcc.o
        96          4          0          0          0       1881   n32l40x_rtc.o
       238         12          0          0          0       4867   n32l40x_usart.o
        36          8        328          0       5376       1016   startup_n32l40x.o
       560         70          0          4          0     299363   system_n32l40x.o
       126         12          0        120         80       2953   user_rtcbkp_config.o

    ----------------------------------------------------------------------
      2576        266        452        128       5460     332435   Object Totals
         0          0         32          0          0          0   (incl. Generated)
        12          0          0          0          4          0   (incl. Padding)

    ----------------------------------------------------------------------

      Code (inc. data)   RO Data    RW Data    ZI Data      Debug   Library Member Name

         0          0          0          0          0          0   entry.o
         0          0          0          0          0          0   entry10a.o
         0          0          0          0          0          0   entry11a.o
         8          4          0          0          0          0   entry2.o
         4          0          0          0          0          0   entry5.o
         0          0          0          0          0          0   entry7b.o
         0          0          0          0          0          0   entry8b.o
         8          4          0          0          0          0   entry9a.o
        30          0          0          0          0          0   handlers.o
        36          8          0          0          0         68   init.o
        30          0          0          0          0         68   llshl.o
        32          0          0          0          0         68   llushr.o
       736         56          0          0          0        184   printf5.o
         0          0          0          4          0          0   stdout.o
        98          0          0          0          0         92   uldiv.o

    ----------------------------------------------------------------------
       988         72          0          4          0        480   Library Totals
         6          0          0          0          0          0   (incl. Padding)

    ----------------------------------------------------------------------

      Code (inc. data)   RO Data    RW Data    ZI Data      Debug   Library Name

       982         72          0          4          0        480   mc_w.l

    ----------------------------------------------------------------------
       988         72          0          4          0        480   Library Totals

    ----------------------------------------------------------------------

==============================================================================


      Code (inc. data)   RO Data    RW Data    ZI Data      Debug   

      3564        338        452        132       5460     330163   Grand Totals
      3564        338        452        132       5460     330163   ELF Image Totals
      3564        338        452        132          0          0   ROM Totals

==============================================================================

    Total RO  Size (Code + RO Data)                 4016 (   3.92kB)
    Total RW  Size (RW Data + ZI Data)              5592 (   5.46kB)
    Total ROM Size (Code + RO Data + RW Data)       4148 (   4.05kB)

==============================================================================

